<?xml version="1.0"?>
<link_info>
   <banner>MSP430 Linker PC v4.4.4</banner>
   <copyright>Copyright (c) 2003-2015 Texas Instruments Incorporated</copyright>
   <link_time>0x576afb83</link_time>
   <link_errors>0x0</link_errors>
   <output_file>CP-Firmware.out</output_file>
   <entry_point>
      <name>_c_int00_noargs_noexit</name>
      <address>0x6668</address>
   </entry_point>
   <input_file_list>
      <input_file id="fl-2">
         <path>.\</path>
         <kind>object</kind>
         <file>MODACT.obj</file>
         <name>MODACT.obj</name>
      </input_file>
      <input_file id="fl-3">
         <path>.\</path>
         <kind>object</kind>
         <file>MODOPT.obj</file>
         <name>MODOPT.obj</name>
      </input_file>
      <input_file id="fl-4">
         <path>.\</path>
         <kind>object</kind>
         <file>MODSTORE.obj</file>
         <name>MODSTORE.obj</name>
      </input_file>
      <input_file id="fl-5">
         <path>.\</path>
         <kind>object</kind>
         <file>NUMCMD.obj</file>
         <name>NUMCMD.obj</name>
      </input_file>
      <input_file id="fl-6">
         <path>.\</path>
         <kind>object</kind>
         <file>bigsub.obj</file>
         <name>bigsub.obj</name>
      </input_file>
      <input_file id="fl-7">
         <path>.\</path>
         <kind>object</kind>
         <file>button.obj</file>
         <name>button.obj</name>
      </input_file>
      <input_file id="fl-8">
         <path>.\</path>
         <kind>object</kind>
         <file>cmd.obj</file>
         <name>cmd.obj</name>
      </input_file>
      <input_file id="fl-9">
         <path>.\</path>
         <kind>object</kind>
         <file>daytime.obj</file>
         <name>daytime.obj</name>
      </input_file>
      <input_file id="fl-a">
         <path>.\</path>
         <kind>object</kind>
         <file>delay.obj</file>
         <name>delay.obj</name>
      </input_file>
      <input_file id="fl-b">
         <path>.\</path>
         <kind>object</kind>
         <file>diag.obj</file>
         <name>diag.obj</name>
      </input_file>
      <input_file id="fl-c">
         <path>.\</path>
         <kind>object</kind>
         <file>dradio.obj</file>
         <name>dradio.obj</name>
      </input_file>
      <input_file id="fl-d">
         <path>.\</path>
         <kind>object</kind>
         <file>fulldiag.obj</file>
         <name>fulldiag.obj</name>
      </input_file>
      <input_file id="fl-e">
         <path>.\</path>
         <kind>object</kind>
         <file>gid.obj</file>
         <name>gid.obj</name>
      </input_file>
      <input_file id="fl-f">
         <path>.\</path>
         <kind>object</kind>
         <file>key.obj</file>
         <name>key.obj</name>
      </input_file>
      <input_file id="fl-10">
         <path>.\</path>
         <kind>object</kind>
         <file>main.obj</file>
         <name>main.obj</name>
      </input_file>
      <input_file id="fl-11">
         <path>.\</path>
         <kind>object</kind>
         <file>misc.obj</file>
         <name>misc.obj</name>
      </input_file>
      <input_file id="fl-12">
         <path>.\</path>
         <kind>object</kind>
         <file>pick.obj</file>
         <name>pick.obj</name>
      </input_file>
      <input_file id="fl-13">
         <path>.\</path>
         <kind>object</kind>
         <file>rand.obj</file>
         <name>rand.obj</name>
      </input_file>
      <input_file id="fl-14">
         <path>.\</path>
         <kind>object</kind>
         <file>report.obj</file>
         <name>report.obj</name>
      </input_file>
      <input_file id="fl-15">
         <path>.\</path>
         <kind>object</kind>
         <file>rom.obj</file>
         <name>rom.obj</name>
      </input_file>
      <input_file id="fl-16">
         <path>.\</path>
         <kind>object</kind>
         <file>sensor.obj</file>
         <name>sensor.obj</name>
      </input_file>
      <input_file id="fl-17">
         <path>.\</path>
         <kind>object</kind>
         <file>serial.obj</file>
         <name>serial.obj</name>
      </input_file>
      <input_file id="fl-18">
         <path>.\</path>
         <kind>object</kind>
         <file>sysact.obj</file>
         <name>sysact.obj</name>
      </input_file>
      <input_file id="fl-19">
         <path>.\</path>
         <kind>object</kind>
         <file>time.obj</file>
         <name>time.obj</name>
      </input_file>
      <input_file id="fl-1a">
         <path>.\mem_mod\</path>
         <kind>object</kind>
         <file>L2Sram.obj</file>
         <name>L2Sram.obj</name>
      </input_file>
      <input_file id="fl-1b">
         <path>.\mem_mod\</path>
         <kind>object</kind>
         <file>L2fram.obj</file>
         <name>L2fram.obj</name>
      </input_file>
      <input_file id="fl-1c">
         <path>.\mem_mod\</path>
         <kind>object</kind>
         <file>l2flash.obj</file>
         <name>l2flash.obj</name>
      </input_file>
      <input_file id="fl-1d">
         <path>.\hal\</path>
         <kind>object</kind>
         <file>MPY32.obj</file>
         <name>MPY32.obj</name>
      </input_file>
      <input_file id="fl-1e">
         <path>.\hal\</path>
         <kind>object</kind>
         <file>PMM.obj</file>
         <name>PMM.obj</name>
      </input_file>
      <input_file id="fl-1f">
         <path>.\hal\</path>
         <kind>object</kind>
         <file>ad.obj</file>
         <name>ad.obj</name>
      </input_file>
      <input_file id="fl-20">
         <path>.\hal\</path>
         <kind>object</kind>
         <file>config.obj</file>
         <name>config.obj</name>
      </input_file>
      <input_file id="fl-21">
         <path>.\hal\</path>
         <kind>object</kind>
         <file>flash_mcu.obj</file>
         <name>flash_mcu.obj</name>
      </input_file>
      <input_file id="fl-22">
         <path>.\hal\</path>
         <kind>object</kind>
         <file>irupt.obj</file>
         <name>irupt.obj</name>
      </input_file>
      <input_file id="fl-23">
         <path>.\hal\</path>
         <kind>object</kind>
         <file>rtc.obj</file>
         <name>rtc.obj</name>
      </input_file>
      <input_file id="fl-24">
         <path>.\hal\</path>
         <kind>object</kind>
         <file>spi.obj</file>
         <name>spi.obj</name>
      </input_file>
      <input_file id="fl-25">
         <path>.\hal\</path>
         <kind>object</kind>
         <file>sys.obj</file>
         <name>sys.obj</name>
      </input_file>
      <input_file id="fl-26">
         <path>.\hal\</path>
         <kind>object</kind>
         <file>ucs.obj</file>
         <name>ucs.obj</name>
      </input_file>
      <input_file id="fl-27">
         <path>.\hal\</path>
         <kind>object</kind>
         <file>usci_A0_uart.obj</file>
         <name>usci_A0_uart.obj</name>
      </input_file>
      <input_file id="fl-28">
         <path>.\drivers\</path>
         <kind>object</kind>
         <file>SD_Card.obj</file>
         <name>SD_Card.obj</name>
      </input_file>
      <input_file id="fl-29">
         <path>.\drivers\</path>
         <kind>object</kind>
         <file>SD_Card_Testing.obj</file>
         <name>SD_Card_Testing.obj</name>
      </input_file>
      <input_file id="fl-2a">
         <path>.\drivers\</path>
         <kind>object</kind>
         <file>SP.obj</file>
         <name>SP.obj</name>
      </input_file>
      <input_file id="fl-2b">
         <path>.\drivers\</path>
         <kind>object</kind>
         <file>SP_I2C.obj</file>
         <name>SP_I2C.obj</name>
      </input_file>
      <input_file id="fl-2c">
         <path>.\drivers\</path>
         <kind>object</kind>
         <file>adf7020.obj</file>
         <name>adf7020.obj</name>
      </input_file>
      <input_file id="fl-2d">
         <path>.\drivers\</path>
         <kind>object</kind>
         <file>adf7020_freq.obj</file>
         <name>adf7020_freq.obj</name>
      </input_file>
      <input_file id="fl-2e">
         <path>.\drivers\</path>
         <kind>object</kind>
         <file>buz.obj</file>
         <name>buz.obj</name>
      </input_file>
      <input_file id="fl-2f">
         <path>.\drivers\</path>
         <kind>object</kind>
         <file>flash.obj</file>
         <name>flash.obj</name>
      </input_file>
      <input_file id="fl-30">
         <path>.\drivers\</path>
         <kind>object</kind>
         <file>fram.obj</file>
         <name>fram.obj</name>
      </input_file>
      <input_file id="fl-31">
         <path>.\drivers\</path>
         <kind>object</kind>
         <file>led.obj</file>
         <name>led.obj</name>
      </input_file>
      <input_file id="fl-32">
         <path>.\drivers\</path>
         <kind>object</kind>
         <file>scc.obj</file>
         <name>scc.obj</name>
      </input_file>
      <input_file id="fl-33">
         <path>.\drivers\</path>
         <kind>object</kind>
         <file>sram.obj</file>
         <name>sram.obj</name>
      </input_file>
      <input_file id="fl-34">
         <path>.\comm_module\</path>
         <kind>object</kind>
         <file>LNKBLK.obj</file>
         <name>LNKBLK.obj</name>
      </input_file>
      <input_file id="fl-35">
         <path>.\comm_module\</path>
         <kind>object</kind>
         <file>comm_discovery.obj</file>
         <name>comm_discovery.obj</name>
      </input_file>
      <input_file id="fl-36">
         <path>.\comm_module\</path>
         <kind>object</kind>
         <file>comm_opmode.obj</file>
         <name>comm_opmode.obj</name>
      </input_file>
      <input_file id="fl-37">
         <path>.\comm_module\</path>
         <kind>object</kind>
         <file>comm_routing.obj</file>
         <name>comm_routing.obj</name>
      </input_file>
      <input_file id="fl-38">
         <path>.\comm_module\</path>
         <kind>object</kind>
         <file>comm_utilities.obj</file>
         <name>comm_utilities.obj</name>
      </input_file>
      <input_file id="fl-39">
         <path>.\comm_module\</path>
         <kind>object</kind>
         <file>crc.obj</file>
         <name>crc.obj</name>
      </input_file>
      <input_file id="fl-3a">
         <path>.\comm_module\</path>
         <kind>object</kind>
         <file>gs.obj</file>
         <name>gs.obj</name>
      </input_file>
      <input_file id="fl-3b">
         <path>.\Tasks\</path>
         <kind>object</kind>
         <file>rts.obj</file>
         <name>rts.obj</name>
      </input_file>
      <input_file id="fl-3c">
         <path>.\Tasks\</path>
         <kind>object</kind>
         <file>task_dispatch.obj</file>
         <name>task_dispatch.obj</name>
      </input_file>
      <input_file id="fl-3d">
         <path>.\Tasks\</path>
         <kind>object</kind>
         <file>task_manager.obj</file>
         <name>task_manager.obj</name>
      </input_file>
      <input_file id="fl-6d">
         <path>C:\ti\ccsv6\tools\compiler\ti-cgt-msp430_4.4.4\lib\</path>
         <kind>archive</kind>
         <file>rts430xl.lib</file>
         <name>asr32.obj</name>
      </input_file>
      <input_file id="fl-6e">
         <path>C:\ti\ccsv6\tools\compiler\ti-cgt-msp430_4.4.4\lib\</path>
         <kind>archive</kind>
         <file>rts430xl.lib</file>
         <name>boot.obj</name>
      </input_file>
      <input_file id="fl-6f">
         <path>C:\ti\ccsv6\tools\compiler\ti-cgt-msp430_4.4.4\lib\</path>
         <kind>archive</kind>
         <file>rts430xl.lib</file>
         <name>boot_special.obj</name>
      </input_file>
      <input_file id="fl-70">
         <path>C:\ti\ccsv6\tools\compiler\ti-cgt-msp430_4.4.4\lib\</path>
         <kind>archive</kind>
         <file>rts430xl.lib</file>
         <name>copy_decompress_none.obj</name>
      </input_file>
      <input_file id="fl-71">
         <path>C:\ti\ccsv6\tools\compiler\ti-cgt-msp430_4.4.4\lib\</path>
         <kind>archive</kind>
         <file>rts430xl.lib</file>
         <name>copy_decompress_rle.obj</name>
      </input_file>
      <input_file id="fl-72">
         <path>C:\ti\ccsv6\tools\compiler\ti-cgt-msp430_4.4.4\lib\</path>
         <kind>archive</kind>
         <file>rts430xl.lib</file>
         <name>copy_zero_init.obj</name>
      </input_file>
      <input_file id="fl-73">
         <path>C:\ti\ccsv6\tools\compiler\ti-cgt-msp430_4.4.4\lib\</path>
         <kind>archive</kind>
         <file>rts430xl.lib</file>
         <name>div16s.obj</name>
      </input_file>
      <input_file id="fl-74">
         <path>C:\ti\ccsv6\tools\compiler\ti-cgt-msp430_4.4.4\lib\</path>
         <kind>archive</kind>
         <file>rts430xl.lib</file>
         <name>div16u.obj</name>
      </input_file>
      <input_file id="fl-75">
         <path>C:\ti\ccsv6\tools\compiler\ti-cgt-msp430_4.4.4\lib\</path>
         <kind>archive</kind>
         <file>rts430xl.lib</file>
         <name>div32s.obj</name>
      </input_file>
      <input_file id="fl-76">
         <path>C:\ti\ccsv6\tools\compiler\ti-cgt-msp430_4.4.4\lib\</path>
         <kind>archive</kind>
         <file>rts430xl.lib</file>
         <name>div32u.obj</name>
      </input_file>
      <input_file id="fl-77">
         <path>C:\ti\ccsv6\tools\compiler\ti-cgt-msp430_4.4.4\lib\</path>
         <kind>archive</kind>
         <file>rts430xl.lib</file>
         <name>exit.obj</name>
      </input_file>
      <input_file id="fl-78">
         <path>C:\ti\ccsv6\tools\compiler\ti-cgt-msp430_4.4.4\lib\</path>
         <kind>archive</kind>
         <file>rts430xl.lib</file>
         <name>exit_gvars.obj</name>
      </input_file>
      <input_file id="fl-79">
         <path>C:\ti\ccsv6\tools\compiler\ti-cgt-msp430_4.4.4\lib\</path>
         <kind>archive</kind>
         <file>rts430xl.lib</file>
         <name>fscanf.obj</name>
      </input_file>
      <input_file id="fl-7a">
         <path>C:\ti\ccsv6\tools\compiler\ti-cgt-msp430_4.4.4\lib\</path>
         <kind>archive</kind>
         <file>rts430xl.lib</file>
         <name>isspace.obj</name>
      </input_file>
      <input_file id="fl-7b">
         <path>C:\ti\ccsv6\tools\compiler\ti-cgt-msp430_4.4.4\lib\</path>
         <kind>archive</kind>
         <file>rts430xl.lib</file>
         <name>lsl16.obj</name>
      </input_file>
      <input_file id="fl-7c">
         <path>C:\ti\ccsv6\tools\compiler\ti-cgt-msp430_4.4.4\lib\</path>
         <kind>archive</kind>
         <file>rts430xl.lib</file>
         <name>lsl32.obj</name>
      </input_file>
      <input_file id="fl-7d">
         <path>C:\ti\ccsv6\tools\compiler\ti-cgt-msp430_4.4.4\lib\</path>
         <kind>archive</kind>
         <file>rts430xl.lib</file>
         <name>lsr16.obj</name>
      </input_file>
      <input_file id="fl-7e">
         <path>C:\ti\ccsv6\tools\compiler\ti-cgt-msp430_4.4.4\lib\</path>
         <kind>archive</kind>
         <file>rts430xl.lib</file>
         <name>lsr32.obj</name>
      </input_file>
      <input_file id="fl-7f">
         <path>C:\ti\ccsv6\tools\compiler\ti-cgt-msp430_4.4.4\lib\</path>
         <kind>archive</kind>
         <file>rts430xl.lib</file>
         <name>memcpy.obj</name>
      </input_file>
      <input_file id="fl-80">
         <path>C:\ti\ccsv6\tools\compiler\ti-cgt-msp430_4.4.4\lib\</path>
         <kind>archive</kind>
         <file>rts430xl.lib</file>
         <name>memset.obj</name>
      </input_file>
      <input_file id="fl-81">
         <path>C:\ti\ccsv6\tools\compiler\ti-cgt-msp430_4.4.4\lib\</path>
         <kind>archive</kind>
         <file>rts430xl.lib</file>
         <name>mpu_init.obj</name>
      </input_file>
      <input_file id="fl-82">
         <path>C:\ti\ccsv6\tools\compiler\ti-cgt-msp430_4.4.4\lib\</path>
         <kind>archive</kind>
         <file>rts430xl.lib</file>
         <name>mult16.obj</name>
      </input_file>
      <input_file id="fl-83">
         <path>C:\ti\ccsv6\tools\compiler\ti-cgt-msp430_4.4.4\lib\</path>
         <kind>archive</kind>
         <file>rts430xl.lib</file>
         <name>mult1632.obj</name>
      </input_file>
      <input_file id="fl-84">
         <path>C:\ti\ccsv6\tools\compiler\ti-cgt-msp430_4.4.4\lib\</path>
         <kind>archive</kind>
         <file>rts430xl.lib</file>
         <name>mult1632_f5hw.obj</name>
      </input_file>
      <input_file id="fl-85">
         <path>C:\ti\ccsv6\tools\compiler\ti-cgt-msp430_4.4.4\lib\</path>
         <kind>archive</kind>
         <file>rts430xl.lib</file>
         <name>mult16_f5hw.obj</name>
      </input_file>
      <input_file id="fl-86">
         <path>C:\ti\ccsv6\tools\compiler\ti-cgt-msp430_4.4.4\lib\</path>
         <kind>archive</kind>
         <file>rts430xl.lib</file>
         <name>mult32.obj</name>
      </input_file>
      <input_file id="fl-87">
         <path>C:\ti\ccsv6\tools\compiler\ti-cgt-msp430_4.4.4\lib\</path>
         <kind>archive</kind>
         <file>rts430xl.lib</file>
         <name>mult3264_f5hw.obj</name>
      </input_file>
      <input_file id="fl-88">
         <path>C:\ti\ccsv6\tools\compiler\ti-cgt-msp430_4.4.4\lib\</path>
         <kind>archive</kind>
         <file>rts430xl.lib</file>
         <name>mult32_f5hw.obj</name>
      </input_file>
      <input_file id="fl-89">
         <path>C:\ti\ccsv6\tools\compiler\ti-cgt-msp430_4.4.4\lib\</path>
         <kind>archive</kind>
         <file>rts430xl.lib</file>
         <name>mult64_f5hw.obj</name>
      </input_file>
      <input_file id="fl-8a">
         <path>C:\ti\ccsv6\tools\compiler\ti-cgt-msp430_4.4.4\lib\</path>
         <kind>archive</kind>
         <file>rts430xl.lib</file>
         <name>pre_init.obj</name>
      </input_file>
      <input_file id="fl-8b">
         <path>C:\ti\ccsv6\tools\compiler\ti-cgt-msp430_4.4.4\lib\</path>
         <kind>archive</kind>
         <file>rts430xl.lib</file>
         <name>ungetc.obj</name>
      </input_file>
      <input_file id="fl-8c">
         <path>C:\ti\ccsv6\tools\compiler\ti-cgt-msp430_4.4.4\lib\</path>
         <kind>archive</kind>
         <file>rts430xl.lib</file>
         <name>_lock.obj</name>
      </input_file>
      <input_file id="fl-8d">
         <path>C:\ti\ccsv6\tools\compiler\ti-cgt-msp430_4.4.4\lib\</path>
         <kind>archive</kind>
         <file>rts430xl.lib</file>
         <name>_scanfi.obj</name>
      </input_file>
      <input_file id="fl-8e">
         <path>C:\ti\ccsv6\tools\compiler\ti-cgt-msp430_4.4.4\lib\</path>
         <kind>archive</kind>
         <file>rts430xl.lib</file>
         <name>args_main.obj</name>
      </input_file>
      <input_file id="fl-8f">
         <path>C:\ti\ccsv6\tools\compiler\ti-cgt-msp430_4.4.4\lib\</path>
         <kind>archive</kind>
         <file>rts430xl.lib</file>
         <name>atoi.obj</name>
      </input_file>
      <input_file id="fl-90">
         <path>C:\ti\ccsv6\tools\compiler\ti-cgt-msp430_4.4.4\lib\</path>
         <kind>archive</kind>
         <file>rts430xl.lib</file>
         <name>autoinit_wdt.obj</name>
      </input_file>
      <input_file id="fl-91">
         <path>C:\ti\ccsv6\tools\compiler\ti-cgt-msp430_4.4.4\lib\</path>
         <kind>archive</kind>
         <file>rts430xl.lib</file>
         <name>ctype.obj</name>
      </input_file>
      <input_file id="fl-92">
         <path>C:\ti\ccsv6\tools\compiler\ti-cgt-msp430_4.4.4\lib\</path>
         <kind>archive</kind>
         <file>rts430xl.lib</file>
         <name>defs.obj</name>
      </input_file>
      <input_file id="fl-93">
         <path>C:\ti\ccsv6\tools\compiler\ti-cgt-msp430_4.4.4\lib\</path>
         <kind>archive</kind>
         <file>rts430xl.lib</file>
         <name>fgetc.obj</name>
      </input_file>
      <input_file id="fl-94">
         <path>C:\ti\ccsv6\tools\compiler\ti-cgt-msp430_4.4.4\lib\</path>
         <kind>archive</kind>
         <file>rts430xl.lib</file>
         <name>isxdigit.obj</name>
      </input_file>
      <input_file id="fl-95">
         <path>C:\ti\ccsv6\tools\compiler\ti-cgt-msp430_4.4.4\lib\</path>
         <kind>archive</kind>
         <file>rts430xl.lib</file>
         <name>lowlev.obj</name>
      </input_file>
      <input_file id="fl-96">
         <path>C:\ti\ccsv6\tools\compiler\ti-cgt-msp430_4.4.4\lib\</path>
         <kind>archive</kind>
         <file>rts430xl.lib</file>
         <name>setvbuf.obj</name>
      </input_file>
      <input_file id="fl-97">
         <path>C:\ti\ccsv6\tools\compiler\ti-cgt-msp430_4.4.4\lib\</path>
         <kind>archive</kind>
         <file>rts430xl.lib</file>
         <name>strchr.obj</name>
      </input_file>
      <input_file id="fl-98">
         <path>C:\ti\ccsv6\tools\compiler\ti-cgt-msp430_4.4.4\lib\</path>
         <kind>archive</kind>
         <file>rts430xl.lib</file>
         <name>strcmp.obj</name>
      </input_file>
      <input_file id="fl-99">
         <path>C:\ti\ccsv6\tools\compiler\ti-cgt-msp430_4.4.4\lib\</path>
         <kind>archive</kind>
         <file>rts430xl.lib</file>
         <name>strcpy.obj</name>
      </input_file>
      <input_file id="fl-9a">
         <path>C:\ti\ccsv6\tools\compiler\ti-cgt-msp430_4.4.4\lib\</path>
         <kind>archive</kind>
         <file>rts430xl.lib</file>
         <name>strlen.obj</name>
      </input_file>
      <input_file id="fl-9b">
         <path>C:\ti\ccsv6\tools\compiler\ti-cgt-msp430_4.4.4\lib\</path>
         <kind>archive</kind>
         <file>rts430xl.lib</file>
         <name>strncpy.obj</name>
      </input_file>
      <input_file id="fl-9c">
         <path>C:\ti\ccsv6\tools\compiler\ti-cgt-msp430_4.4.4\lib\</path>
         <kind>archive</kind>
         <file>rts430xl.lib</file>
         <name>strrchr.obj</name>
      </input_file>
      <input_file id="fl-9d">
         <path>C:\ti\ccsv6\tools\compiler\ti-cgt-msp430_4.4.4\lib\</path>
         <kind>archive</kind>
         <file>rts430xl.lib</file>
         <name>strtod.obj</name>
      </input_file>
      <input_file id="fl-9e">
         <path>C:\ti\ccsv6\tools\compiler\ti-cgt-msp430_4.4.4\lib\</path>
         <kind>archive</kind>
         <file>rts430xl.lib</file>
         <name>strtol.obj</name>
      </input_file>
      <input_file id="fl-9f">
         <path>C:\ti\ccsv6\tools\compiler\ti-cgt-msp430_4.4.4\lib\</path>
         <kind>archive</kind>
         <file>rts430xl.lib</file>
         <name>strtold.obj</name>
      </input_file>
      <input_file id="fl-a0">
         <path>C:\ti\ccsv6\tools\compiler\ti-cgt-msp430_4.4.4\lib\</path>
         <kind>archive</kind>
         <file>rts430xl.lib</file>
         <name>strtoll.obj</name>
      </input_file>
      <input_file id="fl-a1">
         <path>C:\ti\ccsv6\tools\compiler\ti-cgt-msp430_4.4.4\lib\</path>
         <kind>archive</kind>
         <file>rts430xl.lib</file>
         <name>strtoul.obj</name>
      </input_file>
      <input_file id="fl-a2">
         <path>C:\ti\ccsv6\tools\compiler\ti-cgt-msp430_4.4.4\lib\</path>
         <kind>archive</kind>
         <file>rts430xl.lib</file>
         <name>strtoull.obj</name>
      </input_file>
      <input_file id="fl-a3">
         <path>C:\ti\ccsv6\tools\compiler\ti-cgt-msp430_4.4.4\lib\</path>
         <kind>archive</kind>
         <file>rts430xl.lib</file>
         <name>trgdrv.obj</name>
      </input_file>
      <input_file id="fl-a4">
         <path>C:\ti\ccsv6\tools\compiler\ti-cgt-msp430_4.4.4\lib\</path>
         <kind>archive</kind>
         <file>rts430xl.lib</file>
         <name>trgmsg.obj</name>
      </input_file>
      <input_file id="fl-a5">
         <path>C:\ti\ccsv6\tools\compiler\ti-cgt-msp430_4.4.4\lib\</path>
         <kind>archive</kind>
         <file>rts430xl.lib</file>
         <name>_bufread.obj</name>
      </input_file>
      <input_file id="fl-a6">
         <path>C:\ti\ccsv6\tools\compiler\ti-cgt-msp430_4.4.4\lib\</path>
         <kind>archive</kind>
         <file>rts430xl.lib</file>
         <name>_io_perm.obj</name>
      </input_file>
      <input_file id="fl-a7">
         <path>C:\ti\ccsv6\tools\compiler\ti-cgt-msp430_4.4.4\lib\</path>
         <kind>archive</kind>
         <file>rts430xl.lib</file>
         <name>abs.obj</name>
      </input_file>
      <input_file id="fl-a8">
         <path>C:\ti\ccsv6\tools\compiler\ti-cgt-msp430_4.4.4\lib\</path>
         <kind>archive</kind>
         <file>rts430xl.lib</file>
         <name>div64u.obj</name>
      </input_file>
      <input_file id="fl-a9">
         <path>C:\ti\ccsv6\tools\compiler\ti-cgt-msp430_4.4.4\lib\</path>
         <kind>archive</kind>
         <file>rts430xl.lib</file>
         <name>errno.obj</name>
      </input_file>
      <input_file id="fl-aa">
         <path>C:\ti\ccsv6\tools\compiler\ti-cgt-msp430_4.4.4\lib\</path>
         <kind>archive</kind>
         <file>rts430xl.lib</file>
         <name>fflush.obj</name>
      </input_file>
      <input_file id="fl-ab">
         <path>C:\ti\ccsv6\tools\compiler\ti-cgt-msp430_4.4.4\lib\</path>
         <kind>archive</kind>
         <file>rts430xl.lib</file>
         <name>fopen.obj</name>
      </input_file>
      <input_file id="fl-ac">
         <path>C:\ti\ccsv6\tools\compiler\ti-cgt-msp430_4.4.4\lib\</path>
         <kind>archive</kind>
         <file>rts430xl.lib</file>
         <name>fs_add.obj</name>
      </input_file>
      <input_file id="fl-ad">
         <path>C:\ti\ccsv6\tools\compiler\ti-cgt-msp430_4.4.4\lib\</path>
         <kind>archive</kind>
         <file>rts430xl.lib</file>
         <name>fs_cmp.obj</name>
      </input_file>
      <input_file id="fl-ae">
         <path>C:\ti\ccsv6\tools\compiler\ti-cgt-msp430_4.4.4\lib\</path>
         <kind>archive</kind>
         <file>rts430xl.lib</file>
         <name>fs_div.obj</name>
      </input_file>
      <input_file id="fl-af">
         <path>C:\ti\ccsv6\tools\compiler\ti-cgt-msp430_4.4.4\lib\</path>
         <kind>archive</kind>
         <file>rts430xl.lib</file>
         <name>fs_mpy.obj</name>
      </input_file>
      <input_file id="fl-b0">
         <path>C:\ti\ccsv6\tools\compiler\ti-cgt-msp430_4.4.4\lib\</path>
         <kind>archive</kind>
         <file>rts430xl.lib</file>
         <name>fs_neg.obj</name>
      </input_file>
      <input_file id="fl-b1">
         <path>C:\ti\ccsv6\tools\compiler\ti-cgt-msp430_4.4.4\lib\</path>
         <kind>archive</kind>
         <file>rts430xl.lib</file>
         <name>fseek.obj</name>
      </input_file>
      <input_file id="fl-b2">
         <path>C:\ti\ccsv6\tools\compiler\ti-cgt-msp430_4.4.4\lib\</path>
         <kind>archive</kind>
         <file>rts430xl.lib</file>
         <name>lsl64.obj</name>
      </input_file>
      <input_file id="fl-b3">
         <path>C:\ti\ccsv6\tools\compiler\ti-cgt-msp430_4.4.4\lib\</path>
         <kind>archive</kind>
         <file>rts430xl.lib</file>
         <name>lsr64.obj</name>
      </input_file>
      <input_file id="fl-b4">
         <path>C:\ti\ccsv6\tools\compiler\ti-cgt-msp430_4.4.4\lib\</path>
         <kind>archive</kind>
         <file>rts430xl.lib</file>
         <name>memory.obj</name>
      </input_file>
      <input_file id="fl-b5">
         <path>C:\ti\ccsv6\tools\compiler\ti-cgt-msp430_4.4.4\lib\</path>
         <kind>archive</kind>
         <file>rts430xl.lib</file>
         <name>mult64.obj</name>
      </input_file>
      <input_file id="fl-b6">
         <path>C:\ti\ccsv6\tools\compiler\ti-cgt-msp430_4.4.4\lib\</path>
         <kind>archive</kind>
         <file>rts430xl.lib</file>
         <name>rem64u.obj</name>
      </input_file>
      <input_file id="fl-b7">
         <path>C:\ti\ccsv6\tools\compiler\ti-cgt-msp430_4.4.4\lib\</path>
         <kind>archive</kind>
         <file>rts430xl.lib</file>
         <name>fclose.obj</name>
      </input_file>
      <input_file id="fl-b8">
         <path>C:\ti\ccsv6\tools\compiler\ti-cgt-msp430_4.4.4\lib\</path>
         <kind>archive</kind>
         <file>rts430xl.lib</file>
         <name>remove.obj</name>
      </input_file>
   </input_file_list>
   <object_component_list>
      <object_component id="oc-8e">
         <name>.bss</name>
         <uninitialized>true</uninitialized>
         <run_address>0x4506</run_address>
         <size>0x84</size>
         <input_file_ref idref="fl-2"/>
      </object_component>
      <object_component id="oc-96">
         <name>.bss</name>
         <uninitialized>true</uninitialized>
         <run_address>0x3dc0</run_address>
         <size>0x144</size>
         <input_file_ref idref="fl-3"/>
      </object_component>
      <object_component id="oc-9e">
         <name>.bss</name>
         <uninitialized>true</uninitialized>
         <run_address>0x46d4</run_address>
         <size>0x24</size>
         <input_file_ref idref="fl-4"/>
      </object_component>
      <object_component id="oc-bc">
         <name>.bss</name>
         <uninitialized>true</uninitialized>
         <run_address>0x458a</run_address>
         <size>0x48</size>
         <input_file_ref idref="fl-9"/>
      </object_component>
      <object_component id="oc-d0">
         <name>.bss</name>
         <uninitialized>true</uninitialized>
         <run_address>0x4252</run_address>
         <size>0xda</size>
         <input_file_ref idref="fl-d"/>
      </object_component>
      <object_component id="oc-de">
         <name>.bss</name>
         <uninitialized>true</uninitialized>
         <run_address>0x43e4</run_address>
         <size>0x96</size>
         <input_file_ref idref="fl-f"/>
      </object_component>
      <object_component id="oc-e6">
         <name>.bss</name>
         <uninitialized>true</uninitialized>
         <run_address>0x324c</run_address>
         <size>0x340</size>
         <input_file_ref idref="fl-10"/>
      </object_component>
      <object_component id="oc-fe">
         <name>.bss</name>
         <uninitialized>true</uninitialized>
         <run_address>0x4038</run_address>
         <size>0x10e</size>
         <input_file_ref idref="fl-14"/>
      </object_component>
      <object_component id="oc-10c">
         <name>.bss</name>
         <uninitialized>true</uninitialized>
         <run_address>0x3f04</run_address>
         <size>0x134</size>
         <input_file_ref idref="fl-16"/>
      </object_component>
      <object_component id="oc-114">
         <name>.bss</name>
         <uninitialized>true</uninitialized>
         <run_address>0x4614</run_address>
         <size>0x41</size>
         <input_file_ref idref="fl-17"/>
      </object_component>
      <object_component id="oc-121">
         <name>.bss</name>
         <uninitialized>true</uninitialized>
         <run_address>0x4655</run_address>
         <size>0x1</size>
         <input_file_ref idref="fl-19"/>
      </object_component>
      <object_component id="oc-128">
         <name>.bss</name>
         <uninitialized>true</uninitialized>
         <run_address>0x4720</run_address>
         <size>0x6</size>
         <input_file_ref idref="fl-1a"/>
      </object_component>
      <object_component id="oc-168">
         <name>.bss</name>
         <uninitialized>true</uninitialized>
         <run_address>0x4697</run_address>
         <size>0x1</size>
         <input_file_ref idref="fl-26"/>
      </object_component>
      <object_component id="oc-16f">
         <name>.bss</name>
         <uninitialized>true</uninitialized>
         <run_address>0x4656</run_address>
         <size>0x41</size>
         <input_file_ref idref="fl-27"/>
      </object_component>
      <object_component id="oc-175">
         <name>.bss</name>
         <uninitialized>true</uninitialized>
         <run_address>0x4698</run_address>
         <size>0x3c</size>
         <input_file_ref idref="fl-28"/>
      </object_component>
      <object_component id="oc-17c">
         <name>.bss</name>
         <uninitialized>true</uninitialized>
         <run_address>0x3a56</run_address>
         <size>0x200</size>
         <input_file_ref idref="fl-29"/>
      </object_component>
      <object_component id="oc-185">
         <name>.bss</name>
         <uninitialized>true</uninitialized>
         <run_address>0x2ebe</run_address>
         <size>0x38e</size>
         <input_file_ref idref="fl-2b"/>
      </object_component>
      <object_component id="oc-18d">
         <name>.bss</name>
         <uninitialized>true</uninitialized>
         <run_address>0x45d2</run_address>
         <size>0x42</size>
         <input_file_ref idref="fl-2c"/>
      </object_component>
      <object_component id="oc-1a2">
         <name>.bss</name>
         <uninitialized>true</uninitialized>
         <run_address>0x4726</run_address>
         <size>0x6</size>
         <input_file_ref idref="fl-30"/>
      </object_component>
      <object_component id="oc-1af">
         <name>.bss</name>
         <uninitialized>true</uninitialized>
         <run_address>0x4146</run_address>
         <size>0x10c</size>
         <input_file_ref idref="fl-32"/>
      </object_component>
      <object_component id="oc-1bb">
         <name>.bss</name>
         <uninitialized>true</uninitialized>
         <run_address>0x28a6</run_address>
         <size>0x618</size>
         <input_file_ref idref="fl-34"/>
      </object_component>
      <object_component id="oc-1c2">
         <name>.bss</name>
         <uninitialized>true</uninitialized>
         <run_address>0x46f8</run_address>
         <size>0x12</size>
         <input_file_ref idref="fl-35"/>
      </object_component>
      <object_component id="oc-1ca">
         <name>.bss</name>
         <uninitialized>true</uninitialized>
         <run_address>0x4734</run_address>
         <size>0x4</size>
         <input_file_ref idref="fl-36"/>
      </object_component>
      <object_component id="oc-1d2">
         <name>.bss</name>
         <uninitialized>true</uninitialized>
         <run_address>0x358c</run_address>
         <size>0x26a</size>
         <input_file_ref idref="fl-37"/>
      </object_component>
      <object_component id="oc-1d9">
         <name>.bss</name>
         <uninitialized>true</uninitialized>
         <run_address>0x447a</run_address>
         <size>0x8c</size>
         <input_file_ref idref="fl-38"/>
      </object_component>
      <object_component id="oc-1e6">
         <name>.bss</name>
         <uninitialized>true</uninitialized>
         <run_address>0x4738</run_address>
         <size>0x4</size>
         <input_file_ref idref="fl-3a"/>
      </object_component>
      <object_component id="oc-1ed">
         <name>.bss</name>
         <uninitialized>true</uninitialized>
         <run_address>0x37f6</run_address>
         <size>0x260</size>
         <input_file_ref idref="fl-3b"/>
      </object_component>
      <object_component id="oc-1fa">
         <name>.bss</name>
         <uninitialized>true</uninitialized>
         <run_address>0x1c00</run_address>
         <size>0xca6</size>
         <input_file_ref idref="fl-3d"/>
      </object_component>
      <object_component id="oc-3a8">
         <name>.bss:_lock</name>
         <uninitialized>true</uninitialized>
         <run_address>0x472c</run_address>
         <size>0x4</size>
         <input_file_ref idref="fl-8c"/>
      </object_component>
      <object_component id="oc-3ae">
         <name>.bss:_unlock</name>
         <uninitialized>true</uninitialized>
         <run_address>0x4730</run_address>
         <size>0x4</size>
         <input_file_ref idref="fl-8c"/>
      </object_component>
      <object_component id="oc-2ac">
         <name>.bss</name>
         <uninitialized>true</uninitialized>
         <run_address>0x3c56</run_address>
         <size>0x16a</size>
         <input_file_ref idref="fl-92"/>
      </object_component>
      <object_component id="oc-2ba">
         <name>.bss</name>
         <uninitialized>true</uninitialized>
         <run_address>0x432c</run_address>
         <size>0xb8</size>
         <input_file_ref idref="fl-95"/>
      </object_component>
      <object_component id="oc-302">
         <name>.bss</name>
         <uninitialized>true</uninitialized>
         <run_address>0x4718</run_address>
         <size>0x8</size>
         <input_file_ref idref="fl-a3"/>
      </object_component>
      <object_component id="oc-322">
         <name>.bss</name>
         <uninitialized>true</uninitialized>
         <run_address>0x473c</run_address>
         <size>0x2</size>
         <input_file_ref idref="fl-a9"/>
      </object_component>
      <object_component id="oc-32b">
         <name>.bss</name>
         <uninitialized>true</uninitialized>
         <run_address>0x473e</run_address>
         <size>0x2</size>
         <input_file_ref idref="fl-ab"/>
      </object_component>
      <object_component id="oc-35a">
         <name>.bss</name>
         <uninitialized>true</uninitialized>
         <run_address>0x470a</run_address>
         <size>0xe</size>
         <input_file_ref idref="fl-b4"/>
      </object_component>
      <object_component id="oc-35d">
         <name>.sysmem</name>
         <uninitialized>true</uninitialized>
         <run_address>0x4860</run_address>
         <size>0x8</size>
         <input_file_ref idref="fl-b4"/>
      </object_component>
      <object_component id="oc-6a1">
         <name>.sysmem</name>
         <uninitialized>true</uninitialized>
         <run_address>0x4860</run_address>
         <size>0x0</size>
      </object_component>
      <object_component id="oc-207">
         <name>.stack</name>
         <uninitialized>true</uninitialized>
         <run_address>0x5b60</run_address>
         <size>0x4</size>
         <input_file_ref idref="fl-6e"/>
      </object_component>
      <object_component id="oc-6a0">
         <name>.stack</name>
         <uninitialized>true</uninitialized>
         <run_address>0x5b60</run_address>
         <size>0x0</size>
      </object_component>
      <object_component id="oc-3f7">
         <name>.text:vFULLDIAG_diagnostic_asynchronous_operations</name>
         <load_address>0x66c4</load_address>
         <run_address>0x66c4</run_address>
         <size>0xcd2</size>
         <input_file_ref idref="fl-d"/>
      </object_component>
      <object_component id="oc-534">
         <name>.text:vRTS_schedule_OM_slot</name>
         <load_address>0x7396</load_address>
         <run_address>0x7396</run_address>
         <size>0x6e0</size>
         <input_file_ref idref="fl-3b"/>
      </object_component>
      <object_component id="oc-3d6">
         <name>.text:ucTask_Init</name>
         <load_address>0x7a76</load_address>
         <run_address>0x7a76</run_address>
         <size>0x66c</size>
         <input_file_ref idref="fl-3d"/>
      </object_component>
      <object_component id="oc-459">
         <name>.text:ucTask_SetField</name>
         <load_address>0x80e2</load_address>
         <run_address>0x80e2</run_address>
         <size>0x53e</size>
         <input_file_ref idref="fl-3d"/>
      </object_component>
      <object_component id="oc-392">
         <name>.text:main</name>
         <load_address>0x8620</load_address>
         <run_address>0x8620</run_address>
         <size>0x484</size>
         <input_file_ref idref="fl-10"/>
      </object_component>
      <object_component id="oc-5b2">
         <name>.text:ucTask_CreateCombinedTask</name>
         <load_address>0x8aa4</load_address>
         <run_address>0x8aa4</run_address>
         <size>0x3a4</size>
         <input_file_ref idref="fl-3d"/>
      </object_component>
      <object_component id="oc-466">
         <name>.text:ucTask_GetField</name>
         <load_address>0x8e48</load_address>
         <run_address>0x8e48</run_address>
         <size>0x382</size>
         <input_file_ref idref="fl-3d"/>
      </object_component>
      <object_component id="oc-535">
         <name>.text:vRTS_schedule_interval_slot</name>
         <load_address>0x91ca</load_address>
         <run_address>0x91ca</run_address>
         <size>0x370</size>
         <input_file_ref idref="fl-3b"/>
      </object_component>
      <object_component id="oc-45f">
         <name>.text:vGS_ReportToGardenServer</name>
         <load_address>0x953a</load_address>
         <run_address>0x953a</run_address>
         <size>0x30e</size>
         <input_file_ref idref="fl-3a"/>
      </object_component>
      <object_component id="oc-425">
         <name>.text:ucSD_Send_Command</name>
         <load_address>0x9848</load_address>
         <run_address>0x9848</run_address>
         <size>0x2c0</size>
         <input_file_ref idref="fl-28"/>
      </object_component>
      <object_component id="oc-50e">
         <name>.text:ucTask_FetchSingleSPTasks</name>
         <load_address>0x9b08</load_address>
         <run_address>0x9b08</run_address>
         <size>0x2b0</size>
         <input_file_ref idref="fl-3d"/>
      </object_component>
      <object_component id="oc-3f4">
         <name>.text:vTask_Dispatch</name>
         <load_address>0x9db8</load_address>
         <run_address>0x9db8</run_address>
         <size>0x290</size>
         <input_file_ref idref="fl-3c"/>
      </object_component>
      <object_component id="oc-451">
         <name>.text:ucTask_CreateTask</name>
         <load_address>0xa048</load_address>
         <run_address>0xa048</run_address>
         <size>0x288</size>
         <input_file_ref idref="fl-3d"/>
      </object_component>
      <object_component id="oc-3f9">
         <name>.text:ucFULLDIAG_FRAM_1</name>
         <load_address>0xa2d0</load_address>
         <run_address>0xa2d0</run_address>
         <size>0x270</size>
         <input_file_ref idref="fl-d"/>
      </object_component>
      <object_component id="oc-3f6">
         <name>.text:vMAIN_computeDispatchTiming</name>
         <load_address>0xa540</load_address>
         <run_address>0xa540</run_address>
         <size>0x21c</size>
         <input_file_ref idref="fl-10"/>
      </object_component>
      <object_component id="oc-634">
         <name>.text:vReport_PrintCrisisLog</name>
         <load_address>0xa75c</load_address>
         <run_address>0xa75c</run_address>
         <size>0x218</size>
         <input_file_ref idref="fl-14"/>
      </object_component>
      <object_component id="oc-5db">
         <name>.text:ucComm_ParseMsg</name>
         <load_address>0xa974</load_address>
         <run_address>0xa974</run_address>
         <size>0x1f4</size>
         <input_file_ref idref="fl-36"/>
      </object_component>
      <object_component id="oc-525">
         <name>.text:ucReport_CrisisLog</name>
         <load_address>0xab68</load_address>
         <run_address>0xab68</run_address>
         <size>0x1e6</size>
         <input_file_ref idref="fl-14"/>
      </object_component>
      <object_component id="oc-45e">
         <name>.text:vTask_SP_CheckBoards</name>
         <load_address>0xad4e</load_address>
         <run_address>0xad4e</run_address>
         <size>0x1de</size>
         <input_file_ref idref="fl-3c"/>
      </object_component>
      <object_component id="oc-5fe">
         <name>.text:vKEY_Set_HID</name>
         <load_address>0xaf2c</load_address>
         <run_address>0xaf2c</run_address>
         <size>0x1dc</size>
         <input_file_ref idref="fl-f"/>
      </object_component>
      <object_component id="oc-494">
         <name>.text:ucTask_DestroyTask</name>
         <load_address>0xb108</load_address>
         <run_address>0xb108</run_address>
         <size>0x1d8</size>
         <input_file_ref idref="fl-3d"/>
      </object_component>
      <object_component id="oc-5e5">
         <name>.text:ucComm_WaitFor_LRQ</name>
         <load_address>0xb2e0</load_address>
         <run_address>0xb2e0</run_address>
         <size>0x1d6</size>
         <input_file_ref idref="fl-36"/>
      </object_component>
      <object_component id="oc-4ae">
         <name>.text:SD_Testing_Basic</name>
         <load_address>0xb4b6</load_address>
         <run_address>0xb4b6</run_address>
         <size>0x1d2</size>
         <input_file_ref idref="fl-29"/>
      </object_component>
      <object_component id="oc-432">
         <name>.text:ucComm_chkMsgIntegrity</name>
         <load_address>0xb688</load_address>
         <run_address>0xb688</run_address>
         <size>0x1d0</size>
         <input_file_ref idref="fl-38"/>
      </object_component>
      <object_component id="oc-526">
         <name>.text:unADF7020_SetRadioState</name>
         <load_address>0xb858</load_address>
         <run_address>0xb858</run_address>
         <size>0x1c8</size>
         <input_file_ref idref="fl-2c"/>
      </object_component>
      <object_component id="oc-3fa">
         <name>.text:ucFULLDIAG_FRAM_2</name>
         <load_address>0xba20</load_address>
         <run_address>0xba20</run_address>
         <size>0x1bc</size>
         <input_file_ref idref="fl-d"/>
      </object_component>
      <object_component id="oc-592">
         <name>.text:vTask_SP_StartSlot</name>
         <load_address>0xbbdc</load_address>
         <run_address>0xbbdc</run_address>
         <size>0x1a4</size>
         <input_file_ref idref="fl-3c"/>
      </object_component>
      <object_component id="oc-50c">
         <name>.text:cComm_WaitFor_RequesttoJoin</name>
         <load_address>0xbd80</load_address>
         <run_address>0xbd80</run_address>
         <size>0x19e</size>
         <input_file_ref idref="fl-35"/>
      </object_component>
      <object_component id="oc-5d7">
         <name>.text:ucComm_WaitFor_RTR</name>
         <load_address>0xbf1e</load_address>
         <run_address>0xbf1e</run_address>
         <size>0x198</size>
         <input_file_ref idref="fl-36"/>
      </object_component>
      <object_component id="oc-3df">
         <name>.text:vL2FRAM_showTSBTbl</name>
         <load_address>0xc0b6</load_address>
         <run_address>0xc0b6</run_address>
         <size>0x190</size>
         <input_file_ref idref="fl-1b"/>
      </object_component>
      <object_component id="oc-3d7">
         <name>.text:vTaskDisplayTaskList</name>
         <load_address>0xc246</load_address>
         <run_address>0xc246</run_address>
         <size>0x18e</size>
         <input_file_ref idref="fl-3d"/>
      </object_component>
      <object_component id="oc-532">
         <name>.text:vRTS_schedule_RTJ_slots</name>
         <load_address>0xc3d4</load_address>
         <run_address>0xc3d4</run_address>
         <size>0x17e</size>
         <input_file_ref idref="fl-3b"/>
      </object_component>
      <object_component id="oc-5ba">
         <name>.text:vKEY_doUploadToPC</name>
         <load_address>0xc552</load_address>
         <run_address>0xc552</run_address>
         <size>0x176</size>
         <input_file_ref idref="fl-f"/>
      </object_component>
      <object_component id="oc-3e5">
         <name>.text:unADF7020_Initialize</name>
         <load_address>0xc6c8</load_address>
         <run_address>0xc6c8</run_address>
         <size>0x16e</size>
         <input_file_ref idref="fl-2c"/>
      </object_component>
      <object_component id="oc-482">
         <name>.text:vTask_ReportHID</name>
         <load_address>0xc836</load_address>
         <run_address>0xc836</run_address>
         <size>0x162</size>
         <input_file_ref idref="fl-3c"/>
      </object_component>
      <object_component id="oc-3d8">
         <name>.text:ucL2FRAM_chk_for_fram</name>
         <load_address>0xc998</load_address>
         <run_address>0xc998</run_address>
         <size>0x15c</size>
         <input_file_ref idref="fl-1b"/>
      </object_component>
      <object_component id="oc-458">
         <name>.text:vComm_Request_to_Join</name>
         <load_address>0xcaf4</load_address>
         <run_address>0xcaf4</run_address>
         <size>0x15c</size>
         <input_file_ref idref="fl-35"/>
      </object_component>
      <object_component id="oc-43f">
         <name>.text:ucSP_Start</name>
         <load_address>0xcc50</load_address>
         <run_address>0xcc50</run_address>
         <size>0x154</size>
         <input_file_ref idref="fl-2b"/>
      </object_component>
      <object_component id="oc-5d9">
         <name>.text:vComm_SendLRQ</name>
         <load_address>0xcda4</load_address>
         <run_address>0xcda4</run_address>
         <size>0x152</size>
         <input_file_ref idref="fl-36"/>
      </object_component>
      <object_component id="oc-3f5">
         <name>.text:vRTS_CheckSPDataPending</name>
         <load_address>0xcef6</load_address>
         <run_address>0xcef6</run_address>
         <size>0x14e</size>
         <input_file_ref idref="fl-3b"/>
      </object_component>
      <object_component id="oc-5ca">
         <name>.text:ucRTS_isSlotAvailable</name>
         <load_address>0xd044</load_address>
         <run_address>0xd044</run_address>
         <size>0x14c</size>
         <input_file_ref idref="fl-3b"/>
      </object_component>
      <object_component id="oc-4f1">
         <name>.text:vDAYTIME_convertSecsToDstructAndTstruct</name>
         <load_address>0xd190</load_address>
         <run_address>0xd190</run_address>
         <size>0x14c</size>
         <input_file_ref idref="fl-9"/>
      </object_component>
      <object_component id="oc-5dc">
         <name>.text:vComm_SendData</name>
         <load_address>0xd2dc</load_address>
         <run_address>0xd2dc</run_address>
         <size>0x144</size>
         <input_file_ref idref="fl-36"/>
      </object_component>
      <object_component id="oc-5b7">
         <name>.text:cDAYTIME_convertDstrToDstruct</name>
         <load_address>0xd420</load_address>
         <run_address>0xd420</run_address>
         <size>0x142</size>
         <input_file_ref idref="fl-9"/>
      </object_component>
      <object_component id="oc-552">
         <name>.text:vREPORT_LogReport</name>
         <load_address>0xd562</load_address>
         <run_address>0xd562</run_address>
         <size>0x142</size>
         <input_file_ref idref="fl-14"/>
      </object_component>
      <object_component id="oc-3dd">
         <name>.text:ucSD_Init</name>
         <load_address>0xd6a4</load_address>
         <run_address>0xd6a4</run_address>
         <size>0x132</size>
         <input_file_ref idref="fl-28"/>
      </object_component>
      <object_component id="oc-332">
         <name>.text</name>
         <load_address>0xd7d6</load_address>
         <run_address>0xd7d6</run_address>
         <size>0x130</size>
         <input_file_ref idref="fl-ac"/>
      </object_component>
      <object_component id="oc-584">
         <name>.text:vComm_Child</name>
         <load_address>0xd906</load_address>
         <run_address>0xd906</run_address>
         <size>0x130</size>
         <input_file_ref idref="fl-36"/>
      </object_component>
      <object_component id="oc-4a8">
         <name>.text:vFULLDIAG_test_single_SP</name>
         <load_address>0xda36</load_address>
         <run_address>0xda36</run_address>
         <size>0x12e</size>
         <input_file_ref idref="fl-d"/>
      </object_component>
      <object_component id="oc-407">
         <name>.text:ucFULLDIAG_BUZ_0</name>
         <load_address>0xdb64</load_address>
         <run_address>0xdb64</run_address>
         <size>0x12a</size>
         <input_file_ref idref="fl-d"/>
      </object_component>
      <object_component id="oc-403">
         <name>.text:ucFULLDIAG_SENSOR_2</name>
         <load_address>0xdc8e</load_address>
         <run_address>0xdc8e</run_address>
         <size>0x12a</size>
         <input_file_ref idref="fl-d"/>
      </object_component>
      <object_component id="oc-456">
         <name>.text:vTask_ModifyTCB</name>
         <load_address>0xddb8</load_address>
         <run_address>0xddb8</run_address>
         <size>0x124</size>
         <input_file_ref idref="fl-3c"/>
      </object_component>
      <object_component id="oc-3b5">
         <name>.text:vL2FRAM_format_fram</name>
         <load_address>0xdedc</load_address>
         <run_address>0xdedc</run_address>
         <size>0x114</size>
         <input_file_ref idref="fl-1b"/>
      </object_component>
      <object_component id="oc-493">
         <name>.text:vRTS_showTaskHdrLine</name>
         <load_address>0xdff0</load_address>
         <run_address>0xdff0</run_address>
         <size>0x112</size>
         <input_file_ref idref="fl-3b"/>
      </object_component>
      <object_component id="oc-495">
         <name>.text:vTask_SP_EndSlot</name>
         <load_address>0xe102</load_address>
         <run_address>0xe102</run_address>
         <size>0x110</size>
         <input_file_ref idref="fl-3c"/>
      </object_component>
      <object_component id="oc-3bc">
         <name>.text:ucSD_CheckForCard</name>
         <load_address>0xe212</load_address>
         <run_address>0xe212</run_address>
         <size>0x10c</size>
         <input_file_ref idref="fl-28"/>
      </object_component>
      <object_component id="oc-442">
         <name>.text:vSP_Display</name>
         <load_address>0xe31e</load_address>
         <run_address>0xe31e</run_address>
         <size>0x106</size>
         <input_file_ref idref="fl-2b"/>
      </object_component>
      <object_component id="oc-4e9">
         <name>.text:vTime_SetLPM_DelayAlarm</name>
         <load_address>0xe424</load_address>
         <run_address>0xe424</run_address>
         <size>0x104</size>
         <input_file_ref idref="fl-19"/>
      </object_component>
      <object_component id="oc-4e2">
         <name>.text:ucSP_SetCommState</name>
         <load_address>0xe528</load_address>
         <run_address>0xe528</run_address>
         <size>0x102</size>
         <input_file_ref idref="fl-2b"/>
      </object_component>
      <object_component id="oc-531">
         <name>.text:vRTS_schedule_BCN_slots</name>
         <load_address>0xe62a</load_address>
         <run_address>0xe62a</run_address>
         <size>0x102</size>
         <input_file_ref idref="fl-3b"/>
      </object_component>
      <object_component id="oc-462">
         <name>.text:vTask_SCC_StartSlot</name>
         <load_address>0xe72c</load_address>
         <run_address>0xe72c</run_address>
         <size>0x102</size>
         <input_file_ref idref="fl-3c"/>
      </object_component>
      <object_component id="oc-514">
         <name>.text:ucGS_WaitForRTR</name>
         <load_address>0xe82e</load_address>
         <run_address>0xe82e</run_address>
         <size>0x100</size>
         <input_file_ref idref="fl-3a"/>
      </object_component>
      <object_component id="oc-518">
         <name>.text:ucComm_Handle_Command</name>
         <load_address>0xe92e</load_address>
         <run_address>0xe92e</run_address>
         <size>0xfc</size>
         <input_file_ref idref="fl-38"/>
      </object_component>
      <object_component id="oc-517">
         <name>.text:ucL2SRAM_PutCMD_inQueue</name>
         <load_address>0xea2a</load_address>
         <run_address>0xea2a</run_address>
         <size>0xfc</size>
         <input_file_ref idref="fl-1a"/>
      </object_component>
      <object_component id="oc-5e2">
         <name>.text:ucLNKBLK_computeTimeForSingleLnk</name>
         <load_address>0xeb26</load_address>
         <run_address>0xeb26</run_address>
         <size>0xfc</size>
         <input_file_ref idref="fl-34"/>
      </object_component>
      <object_component id="oc-572">
         <name>.text:ucSP_I2C_RXByte</name>
         <load_address>0xec22</load_address>
         <run_address>0xec22</run_address>
         <size>0xfc</size>
         <input_file_ref idref="fl-2b"/>
      </object_component>
      <object_component id="oc-537">
         <name>.text:vRTS_schedule_command_slot</name>
         <load_address>0xed1e</load_address>
         <run_address>0xed1e</run_address>
         <size>0xfc</size>
         <input_file_ref idref="fl-3b"/>
      </object_component>
      <object_component id="oc-4ad">
         <name>.text:vFULLDIAG_test_actuators</name>
         <load_address>0xee1a</load_address>
         <run_address>0xee1a</run_address>
         <size>0xf8</size>
         <input_file_ref idref="fl-d"/>
      </object_component>
      <object_component id="oc-41d">
         <name>.text:vL2FRAM_deleteTSB</name>
         <load_address>0xef12</load_address>
         <run_address>0xef12</run_address>
         <size>0xf8</size>
         <input_file_ref idref="fl-1b"/>
      </object_component>
      <object_component id="oc-4f8">
         <name>.text:vTask_FRAM_to_SDCard</name>
         <load_address>0xf00a</load_address>
         <run_address>0xf00a</run_address>
         <size>0xf8</size>
         <input_file_ref idref="fl-3c"/>
      </object_component>
      <object_component id="oc-506">
         <name>.text:ucTask_CreateOMTask</name>
         <load_address>0xf102</load_address>
         <run_address>0xf102</run_address>
         <size>0xf6</size>
         <input_file_ref idref="fl-3d"/>
      </object_component>
      <object_component id="oc-45b">
         <name>.text:vComm_SendBeacon</name>
         <load_address>0xf1f8</load_address>
         <run_address>0xf1f8</run_address>
         <size>0xec</size>
         <input_file_ref idref="fl-35"/>
      </object_component>
      <object_component id="oc-3e1">
         <name>.text:vReport_LoadSRAMFromSDCard</name>
         <load_address>0xf2e4</load_address>
         <run_address>0xf2e4</run_address>
         <size>0xec</size>
         <input_file_ref idref="fl-14"/>
      </object_component>
      <object_component id="oc-411">
         <name>.text:vL2FRAM_SetSecurity</name>
         <load_address>0xf3d0</load_address>
         <run_address>0xf3d0</run_address>
         <size>0xea</size>
         <input_file_ref idref="fl-1b"/>
      </object_component>
      <object_component id="oc-586">
         <name>.text:vComm_Parent</name>
         <load_address>0xf4ba</load_address>
         <run_address>0xf4ba</run_address>
         <size>0xe8</size>
         <input_file_ref idref="fl-36"/>
      </object_component>
      <object_component id="oc-492">
         <name>.text:vReport_BuildMsgsFromDEs</name>
         <load_address>0xf5a2</load_address>
         <run_address>0xf5a2</run_address>
         <size>0xe4</size>
         <input_file_ref idref="fl-14"/>
      </object_component>
      <object_component id="oc-5cb">
         <name>.text:ucSP_I2C_TXByte</name>
         <load_address>0xf686</load_address>
         <run_address>0xf686</run_address>
         <size>0xe2</size>
         <input_file_ref idref="fl-2b"/>
      </object_component>
      <object_component id="oc-61e">
         <name>.text:vRoute_GetUpdates</name>
         <load_address>0xf768</load_address>
         <run_address>0xf768</run_address>
         <size>0xe2</size>
         <input_file_ref idref="fl-37"/>
      </object_component>
      <object_component id="oc-4f6">
         <name>.text:cL2FRAM_addTSB</name>
         <load_address>0xf84a</load_address>
         <run_address>0xf84a</run_address>
         <size>0xe0</size>
         <input_file_ref idref="fl-1b"/>
      </object_component>
      <object_component id="oc-58e">
         <name>.text:ucRoute_NodeUnjoin</name>
         <load_address>0xf92a</load_address>
         <run_address>0xf92a</run_address>
         <size>0xe0</size>
         <input_file_ref idref="fl-37"/>
      </object_component>
      <object_component id="oc-57a">
         <name>.text:ucTask_GetParam</name>
         <load_address>0xfa0a</load_address>
         <run_address>0xfa0a</run_address>
         <size>0xde</size>
         <input_file_ref idref="fl-3d"/>
      </object_component>
      <object_component id="oc-55c">
         <name>.text:uiRTS_findNearestNSTslot</name>
         <load_address>0xfae8</load_address>
         <run_address>0xfae8</run_address>
         <size>0xde</size>
         <input_file_ref idref="fl-3b"/>
      </object_component>
      <object_component id="oc-404">
         <name>.text:ucFULLDIAG_SENSOR_3</name>
         <load_address>0xfbc6</load_address>
         <run_address>0xfbc6</run_address>
         <size>0xda</size>
         <input_file_ref idref="fl-d"/>
      </object_component>
      <object_component id="oc-405">
         <name>.text:ucFULLDIAG_SENSOR_4</name>
         <load_address>0xfca0</load_address>
         <run_address>0xfca0</run_address>
         <size>0xda</size>
         <input_file_ref idref="fl-d"/>
      </object_component>
      <object_component id="oc-406">
         <name>.text:ucFULLDIAG_SENSOR_5</name>
         <load_address>0xfd7a</load_address>
         <run_address>0xfd7a</run_address>
         <size>0xda</size>
         <input_file_ref idref="fl-d"/>
      </object_component>
      <object_component id="oc-3d3">
         <name>.text:vMAIN_printIntro</name>
         <load_address>0xfe54</load_address>
         <run_address>0xfe54</run_address>
         <size>0xd6</size>
         <input_file_ref idref="fl-10"/>
      </object_component>
      <object_component id="oc-3cb">
         <name>.text:uiMISC_doCompensatedBattRead</name>
         <load_address>0xff2a</load_address>
         <run_address>0xff2a</run_address>
         <size>0x56</size>
         <input_file_ref idref="fl-11"/>
      </object_component>
      <object_component id="oc-582">
         <name>.text:ucLNKBLK_AddLink</name>
         <load_address>0x20000</load_address>
         <run_address>0x20000</run_address>
         <size>0xd4</size>
         <input_file_ref idref="fl-34"/>
      </object_component>
      <object_component id="oc-61b">
         <name>.text:ucComm_incLnkBrkCntAndChkForDeadOM2</name>
         <load_address>0x200d4</load_address>
         <run_address>0x200d4</run_address>
         <size>0xd2</size>
         <input_file_ref idref="fl-36"/>
      </object_component>
      <object_component id="oc-46f">
         <name>.text:SD_Write_Block</name>
         <load_address>0x201a6</load_address>
         <run_address>0x201a6</run_address>
         <size>0xd0</size>
         <input_file_ref idref="fl-28"/>
      </object_component>
      <object_component id="oc-3ee">
         <name>.text:vLNKBLK_zeroEntireLnkBlkTbl</name>
         <load_address>0x20276</load_address>
         <run_address>0x20276</run_address>
         <size>0xd0</size>
         <input_file_ref idref="fl-34"/>
      </object_component>
      <object_component id="oc-3f1">
         <name>.text:vRTS_scheduleNSTtbl</name>
         <load_address>0x20346</load_address>
         <run_address>0x20346</run_address>
         <size>0xd0</size>
         <input_file_ref idref="fl-3b"/>
      </object_component>
      <object_component id="oc-48c">
         <name>.text:vRTS_showAllNSTentrys</name>
         <load_address>0x20416</load_address>
         <run_address>0x20416</run_address>
         <size>0xc8</size>
         <input_file_ref idref="fl-3b"/>
      </object_component>
      <object_component id="oc-5b9">
         <name>.text:cDAYTIME_convertTstrToTstruct</name>
         <load_address>0x204de</load_address>
         <run_address>0x204de</run_address>
         <size>0xc6</size>
         <input_file_ref idref="fl-9"/>
      </object_component>
      <object_component id="oc-5e9">
         <name>.text:ucComm_Send_Command</name>
         <load_address>0x205a4</load_address>
         <run_address>0x205a4</run_address>
         <size>0xc6</size>
         <input_file_ref idref="fl-36"/>
      </object_component>
      <object_component id="oc-593">
         <name>.text:vComm_SynchFreq</name>
         <load_address>0x2066a</load_address>
         <run_address>0x2066a</run_address>
         <size>0xc6</size>
         <input_file_ref idref="fl-38"/>
      </object_component>
      <object_component id="oc-628">
         <name>.text:ucSP_SetHID</name>
         <load_address>0x20730</load_address>
         <run_address>0x20730</run_address>
         <size>0xc2</size>
         <input_file_ref idref="fl-2b"/>
      </object_component>
      <object_component id="oc-622">
         <name>.text:ucL2SRAM_Delete_CMD</name>
         <load_address>0x207f2</load_address>
         <run_address>0x207f2</run_address>
         <size>0xc0</size>
         <input_file_ref idref="fl-1a"/>
      </object_component>
      <object_component id="oc-503">
         <name>.text:ucComm_doSubSecXmit</name>
         <load_address>0x208b2</load_address>
         <run_address>0x208b2</run_address>
         <size>0xbe</size>
         <input_file_ref idref="fl-38"/>
      </object_component>
      <object_component id="oc-515">
         <name>.text:ucSerial_Wait_for_Ack</name>
         <load_address>0x20970</load_address>
         <run_address>0x20970</run_address>
         <size>0xbe</size>
         <input_file_ref idref="fl-17"/>
      </object_component>
      <object_component id="oc-46b">
         <name>.text:ucFRAM_read_B32</name>
         <load_address>0x20a2e</load_address>
         <run_address>0x20a2e</run_address>
         <size>0xbc</size>
         <input_file_ref idref="fl-30"/>
      </object_component>
      <object_component id="oc-5b1">
         <name>.text:ucTask_CheckComp</name>
         <load_address>0x20aea</load_address>
         <run_address>0x20aea</run_address>
         <size>0xbc</size>
         <input_file_ref idref="fl-3d"/>
      </object_component>
      <object_component id="oc-5b0">
         <name>.text:vTask_SCC_EndSlot</name>
         <load_address>0x20ba6</load_address>
         <run_address>0x20ba6</run_address>
         <size>0xbc</size>
         <input_file_ref idref="fl-3c"/>
      </object_component>
      <object_component id="oc-623">
         <name>.text:ucL2SRAM_LoadCmdIfExists</name>
         <load_address>0x20c62</load_address>
         <run_address>0x20c62</run_address>
         <size>0xba</size>
         <input_file_ref idref="fl-1a"/>
      </object_component>
      <object_component id="oc-502">
         <name>.text:vComm_Msg_buildRequest_to_Join</name>
         <load_address>0x20d1c</load_address>
         <run_address>0x20d1c</run_address>
         <size>0xba</size>
         <input_file_ref idref="fl-35"/>
      </object_component>
      <object_component id="oc-3cf">
         <name>.text:ucSP_Init</name>
         <load_address>0x20dd6</load_address>
         <run_address>0x20dd6</run_address>
         <size>0xb8</size>
         <input_file_ref idref="fl-2b"/>
      </object_component>
      <object_component id="oc-341">
         <name>.text</name>
         <load_address>0x20e8e</load_address>
         <run_address>0x20e8e</run_address>
         <size>0xb6</size>
         <input_file_ref idref="fl-af"/>
      </object_component>
      <object_component id="oc-4c6">
         <name>.text:vL2FRAM_stuffTSB</name>
         <load_address>0x20f44</load_address>
         <run_address>0x20f44</run_address>
         <size>0xb6</size>
         <input_file_ref idref="fl-1b"/>
      </object_component>
      <object_component id="oc-55d">
         <name>.text:vRTS_putNSTSubSlotentry</name>
         <load_address>0x20ffa</load_address>
         <run_address>0x20ffa</run_address>
         <size>0xb4</size>
         <input_file_ref idref="fl-3b"/>
      </object_component>
      <object_component id="oc-452">
         <name>.text:vTask_Batt_Sense</name>
         <load_address>0x210ae</load_address>
         <run_address>0x210ae</run_address>
         <size>0xb4</size>
         <input_file_ref idref="fl-3c"/>
      </object_component>
      <object_component id="oc-4f5">
         <name>.text:vL2FRAM_putTSBEntryVal</name>
         <load_address>0x21162</load_address>
         <run_address>0x21162</run_address>
         <size>0xb2</size>
         <input_file_ref idref="fl-1b"/>
      </object_component>
      <object_component id="oc-472">
         <name>.text:SD_Read_Block</name>
         <load_address>0x21214</load_address>
         <run_address>0x21214</run_address>
         <size>0xb0</size>
         <input_file_ref idref="fl-28"/>
      </object_component>
      <object_component id="oc-56f">
         <name>.text:vSERIAL_FormatStrout</name>
         <load_address>0x212c4</load_address>
         <run_address>0x212c4</run_address>
         <size>0xae</size>
         <input_file_ref idref="fl-17"/>
      </object_component>
      <object_component id="oc-465">
         <name>.text:ulL2FRAM_getTSBEntryVal</name>
         <load_address>0x21372</load_address>
         <run_address>0x21372</run_address>
         <size>0xac</size>
         <input_file_ref idref="fl-1b"/>
      </object_component>
      <object_component id="oc-49c">
         <name>.text:ucRTS_getNSTSubSlotentry</name>
         <load_address>0x2141e</load_address>
         <run_address>0x2141e</run_address>
         <size>0xaa</size>
         <input_file_ref idref="fl-3b"/>
      </object_component>
      <object_component id="oc-484">
         <name>.text:vMODOPT_showSingleRamOptionBit</name>
         <load_address>0x214c8</load_address>
         <run_address>0x214c8</run_address>
         <size>0xaa</size>
         <input_file_ref idref="fl-3"/>
      </object_component>
      <object_component id="oc-401">
         <name>.text:ucFULLDIAG_SENSOR_0</name>
         <load_address>0x21572</load_address>
         <run_address>0x21572</run_address>
         <size>0xa8</size>
         <input_file_ref idref="fl-d"/>
      </object_component>
      <object_component id="oc-402">
         <name>.text:ucFULLDIAG_SENSOR_1</name>
         <load_address>0x2161a</load_address>
         <run_address>0x2161a</run_address>
         <size>0xa8</size>
         <input_file_ref idref="fl-d"/>
      </object_component>
      <object_component id="oc-60b">
         <name>.text:vMODACT_silentChangeInterval</name>
         <load_address>0x216c2</load_address>
         <run_address>0x216c2</run_address>
         <size>0xa8</size>
         <input_file_ref idref="fl-2"/>
      </object_component>
      <object_component id="oc-476">
         <name>.text:vReport_LogDataElement</name>
         <load_address>0x2176a</load_address>
         <run_address>0x2176a</run_address>
         <size>0xa6</size>
         <input_file_ref idref="fl-14"/>
      </object_component>
      <object_component id="oc-5ed">
         <name>.text:ucRoute_RemoveEdge</name>
         <load_address>0x21810</load_address>
         <run_address>0x21810</run_address>
         <size>0xa4</size>
         <input_file_ref idref="fl-37"/>
      </object_component>
      <object_component id="oc-43e">
         <name>.text:vSP_DetachBoard</name>
         <load_address>0x218b4</load_address>
         <run_address>0x218b4</run_address>
         <size>0xa2</size>
         <input_file_ref idref="fl-2b"/>
      </object_component>
      <object_component id="oc-53e">
         <name>.text:vKEY_setDate</name>
         <load_address>0x21956</load_address>
         <run_address>0x21956</run_address>
         <size>0xa0</size>
         <input_file_ref idref="fl-f"/>
      </object_component>
      <object_component id="oc-3a4">
         <name>.text:HOSTlseek</name>
         <load_address>0x219f6</load_address>
         <run_address>0x219f6</run_address>
         <size>0x9e</size>
         <input_file_ref idref="fl-a3"/>
      </object_component>
      <object_component id="oc-585">
         <name>.text:ucLNKBLK_fillLnkBlkFromMultipleLnkReq</name>
         <load_address>0x21a94</load_address>
         <run_address>0x21a94</run_address>
         <size>0x9e</size>
         <input_file_ref idref="fl-34"/>
      </object_component>
      <object_component id="oc-52f">
         <name>.text:vL2SRAM_putPickTblEntry</name>
         <load_address>0x21b32</load_address>
         <run_address>0x21b32</run_address>
         <size>0x9e</size>
         <input_file_ref idref="fl-1a"/>
      </object_component>
      <object_component id="oc-4ef">
         <name>.text:ucSCC_WaitForMessage</name>
         <load_address>0x21bd0</load_address>
         <run_address>0x21bd0</run_address>
         <size>0x9c</size>
         <input_file_ref idref="fl-32"/>
      </object_component>
      <object_component id="oc-4f2">
         <name>.text:vDAYTIME_convertDstructToShow</name>
         <load_address>0x21c6c</load_address>
         <run_address>0x21c6c</run_address>
         <size>0x9c</size>
         <input_file_ref idref="fl-9"/>
      </object_component>
      <object_component id="oc-490">
         <name>.text:vRTS_getNSTentry</name>
         <load_address>0x21d08</load_address>
         <run_address>0x21d08</run_address>
         <size>0x9c</size>
         <input_file_ref idref="fl-3b"/>
      </object_component>
      <object_component id="oc-5a5">
         <name>.text:vTask_OrphanChildren</name>
         <load_address>0x21da4</load_address>
         <run_address>0x21da4</run_address>
         <size>0x9c</size>
         <input_file_ref idref="fl-3d"/>
      </object_component>
      <object_component id="oc-620">
         <name>.text:vRoute_SetUpdates</name>
         <load_address>0x21e40</load_address>
         <run_address>0x21e40</run_address>
         <size>0x9a</size>
         <input_file_ref idref="fl-37"/>
      </object_component>
      <object_component id="oc-519">
         <name>.text:ucSCC_SendCommand</name>
         <load_address>0x21eda</load_address>
         <run_address>0x21eda</run_address>
         <size>0x98</size>
         <input_file_ref idref="fl-32"/>
      </object_component>
      <object_component id="oc-4d0">
         <name>.text:vBUZ</name>
         <load_address>0x21f72</load_address>
         <run_address>0x21f72</run_address>
         <size>0x98</size>
         <input_file_ref idref="fl-2e"/>
      </object_component>
      <object_component id="oc-573">
         <name>.text:ucSP_Request_TransducerLabel</name>
         <load_address>0x2200a</load_address>
         <run_address>0x2200a</run_address>
         <size>0x96</size>
         <input_file_ref idref="fl-2b"/>
      </object_component>
      <object_component id="oc-641">
         <name>.text:ulL2SRAM_getPickTblEntry</name>
         <load_address>0x220a0</load_address>
         <run_address>0x220a0</run_address>
         <size>0x96</size>
         <input_file_ref idref="fl-1a"/>
      </object_component>
      <object_component id="oc-626">
         <name>.text:lSERIAL_AsciiToNumber</name>
         <load_address>0x22136</load_address>
         <run_address>0x22136</run_address>
         <size>0x94</size>
         <input_file_ref idref="fl-17"/>
      </object_component>
      <object_component id="oc-3b4">
         <name>.text:uiL2FRAM_chk_for_fram_format</name>
         <load_address>0x221ca</load_address>
         <run_address>0x221ca</run_address>
         <size>0x92</size>
         <input_file_ref idref="fl-1b"/>
      </object_component>
      <object_component id="oc-62d">
         <name>.text:vMODACT_showAllPossibleActions</name>
         <load_address>0x2225c</load_address>
         <run_address>0x2225c</run_address>
         <size>0x92</size>
         <input_file_ref idref="fl-2"/>
      </object_component>
      <object_component id="oc-3ff">
         <name>.text:ucFULLDIAG_RADIO_1</name>
         <load_address>0x222ee</load_address>
         <run_address>0x222ee</run_address>
         <size>0x90</size>
         <input_file_ref idref="fl-d"/>
      </object_component>
      <object_component id="oc-562">
         <name>.text:ucSP_SendCommand</name>
         <load_address>0x2237e</load_address>
         <run_address>0x2237e</run_address>
         <size>0x90</size>
         <input_file_ref idref="fl-2b"/>
      </object_component>
      <object_component id="oc-3e9">
         <name>.text:vMain_LogRestart</name>
         <load_address>0x2240e</load_address>
         <run_address>0x2240e</run_address>
         <size>0x90</size>
         <input_file_ref idref="fl-10"/>
      </object_component>
      <object_component id="oc-5c7">
         <name>.text:lSERIAL_AsciiToNum</name>
         <load_address>0x2249e</load_address>
         <run_address>0x2249e</run_address>
         <size>0x8e</size>
         <input_file_ref idref="fl-17"/>
      </object_component>
      <object_component id="oc-33c">
         <name>.text</name>
         <load_address>0x2252c</load_address>
         <run_address>0x2252c</run_address>
         <size>0x8e</size>
         <input_file_ref idref="fl-ae"/>
      </object_component>
      <object_component id="oc-50a">
         <name>.text:vADF7020_TXRXSwitch</name>
         <load_address>0x225ba</load_address>
         <run_address>0x225ba</run_address>
         <size>0x8c</size>
         <input_file_ref idref="fl-2c"/>
      </object_component>
      <object_component id="oc-3f3">
         <name>.text:ucKEY_doKeyboardCmdInput</name>
         <load_address>0x22646</load_address>
         <run_address>0x22646</run_address>
         <size>0x8a</size>
         <input_file_ref idref="fl-f"/>
      </object_component>
      <object_component id="oc-4b0">
         <name>.text:ucSERIAL_getEditedInput</name>
         <load_address>0x226d0</load_address>
         <run_address>0x226d0</run_address>
         <size>0x8a</size>
         <input_file_ref idref="fl-17"/>
      </object_component>
      <object_component id="oc-4a1">
         <name>.text:ucSP_Request_SensorTypes</name>
         <load_address>0x2275a</load_address>
         <run_address>0x2275a</run_address>
         <size>0x8a</size>
         <input_file_ref idref="fl-2b"/>
      </object_component>
      <object_component id="oc-3c1">
         <name>.text:vTIME_init</name>
         <load_address>0x227e4</load_address>
         <run_address>0x227e4</run_address>
         <size>0x8a</size>
         <input_file_ref idref="fl-19"/>
      </object_component>
      <object_component id="oc-5e4">
         <name>.text:vComm_SendRTR</name>
         <load_address>0x2286e</load_address>
         <run_address>0x2286e</run_address>
         <size>0x88</size>
         <input_file_ref idref="fl-36"/>
      </object_component>
      <object_component id="oc-5da">
         <name>.text:vRouteClrFlaggedUpdates</name>
         <load_address>0x228f6</load_address>
         <run_address>0x228f6</run_address>
         <size>0x88</size>
         <input_file_ref idref="fl-37"/>
[...]
         <name>ucTask_CreateOMTask</name>
         <value>0xf102</value>
         <object_component_ref idref="oc-506"/>
      </symbol>
      <symbol id="sm-1a3d">
         <name>vTask_ComputeSysLFactor</name>
         <value>0x22ea4</value>
         <object_component_ref idref="oc-463"/>
      </symbol>
      <symbol id="sm-1a3e">
         <name>ucTask_FetchSingleSPTasks</name>
         <value>0x9b08</value>
         <object_component_ref idref="oc-50e"/>
      </symbol>
      <symbol id="sm-1a3f">
         <name>ucTask_GetCmdParam</name>
         <value>0x248e6</value>
         <object_component_ref idref="oc-4fb"/>
      </symbol>
      <symbol id="sm-1a40">
         <name>vTask_CleanTaskList</name>
         <value>0x25f26</value>
         <object_component_ref idref="oc-489"/>
      </symbol>
      <symbol id="sm-1a41">
         <name>vTask_ShowAllTasks</name>
         <value>0x2810e</value>
         <object_component_ref idref="oc-607"/>
      </symbol>
      <symbol id="sm-1a42">
         <name>uiTask_countSOM2andROM2entrys</name>
         <value>0x24de2</value>
         <object_component_ref idref="oc-59f"/>
      </symbol>
      <symbol id="sm-1a43">
         <name>vTask_ClearDynSector</name>
         <value>0x23660</value>
         <object_component_ref idref="oc-488"/>
      </symbol>
      <symbol id="sm-1a44">
         <name>ucTask_SearchforLink</name>
         <value>0x26cd2</value>
         <object_component_ref idref="oc-57f"/>
      </symbol>
      <symbol id="sm-1a45">
         <name>p_saTaskList</name>
         <value>0x1c10</value>
         <object_component_ref idref="oc-1fa"/>
      </symbol>
      <symbol id="sm-1a46">
         <name>uiTask_GetUniqueID</name>
         <value>0x279c8</value>
         <object_component_ref idref="oc-496"/>
      </symbol>
      <symbol id="sm-1a47">
         <name>ucTask_FetchTaskIndex</name>
         <value>0x2696c</value>
         <object_component_ref idref="oc-497"/>
      </symbol>
      <symbol id="sm-1a48">
         <name>cSPNames</name>
         <value>0x1c00</value>
         <object_component_ref idref="oc-1fa"/>
      </symbol>
      <symbol id="sm-1a49">
         <name>ucTask_SetCmdParam</name>
         <value>0x24a16</value>
         <object_component_ref idref="oc-598"/>
      </symbol>
      <symbol id="sm-1a4a">
         <name>ucTask_CreateTask</name>
         <value>0xa048</value>
         <object_component_ref idref="oc-451"/>
      </symbol>
      <symbol id="sm-1a4b">
         <name>vTask_showTaskName</name>
         <value>0x237c4</value>
         <object_component_ref idref="oc-469"/>
      </symbol>
      <symbol id="sm-1a4c">
         <name>ucTask_CreateCombinedTask</name>
         <value>0x8aa4</value>
         <object_component_ref idref="oc-5b2"/>
      </symbol>
      <symbol id="sm-1a4d">
         <name>ucTask_SetField</name>
         <value>0x80e2</value>
         <object_component_ref idref="oc-459"/>
      </symbol>
      <symbol id="sm-1a4e">
         <name>ucTask_FetchAllSPTasks</name>
         <value>0x282f4</value>
         <object_component_ref idref="oc-45d"/>
      </symbol>
      <symbol id="sm-1a4f">
         <name>ucTask_GetField</name>
         <value>0x8e48</value>
         <object_component_ref idref="oc-466"/>
      </symbol>
      <symbol id="sm-1a50">
         <name>ucTask_RemoveProcessor</name>
         <value>0x263d6</value>
         <object_component_ref idref="oc-511"/>
      </symbol>
      <symbol id="sm-1a51">
         <name>vTask_Dummy</name>
         <value>0x28c12</value>
         <object_component_ref idref="oc-44f"/>
      </symbol>
      <symbol id="sm-1a52">
         <name>ucTask_GetParam</name>
         <value>0xfa0a</value>
         <object_component_ref idref="oc-57a"/>
      </symbol>
      <symbol id="sm-1a53">
         <name>vTaskDisplayTaskList</name>
         <value>0xc246</value>
         <object_component_ref idref="oc-3d7"/>
      </symbol>
      <symbol id="sm-1a54">
         <name>ucTask_CheckComp</name>
         <value>0x20aea</value>
         <object_component_ref idref="oc-5b1"/>
      </symbol>
      <symbol id="sm-1a55">
         <name>ucTask_DestroyTask</name>
         <value>0xb108</value>
         <object_component_ref idref="oc-494"/>
      </symbol>
      <symbol id="sm-1a56">
         <name>vTask_OrphanChildren</name>
         <value>0x21da4</value>
         <object_component_ref idref="oc-5a5"/>
      </symbol>
      <symbol id="sm-1a62">
         <name>L_ASR_12</name>
         <value>0x265a0</value>
         <object_component_ref idref="oc-523"/>
      </symbol>
      <symbol id="sm-1a63">
         <name>L_ASR_13</name>
         <value>0x2659c</value>
         <object_component_ref idref="oc-523"/>
      </symbol>
      <symbol id="sm-1a64">
         <name>L_ASR_10</name>
         <value>0x265a8</value>
         <object_component_ref idref="oc-523"/>
      </symbol>
      <symbol id="sm-1a65">
         <name>L_ASR_11</name>
         <value>0x265a4</value>
         <object_component_ref idref="oc-523"/>
      </symbol>
      <symbol id="sm-1a66">
         <name>L_ASR_14</name>
         <value>0x26598</value>
         <object_component_ref idref="oc-523"/>
      </symbol>
      <symbol id="sm-1a67">
         <name>L_ASR_15</name>
         <value>0x26594</value>
         <object_component_ref idref="oc-523"/>
      </symbol>
      <symbol id="sm-1a68">
         <name>L_ASR_3</name>
         <value>0x265c4</value>
         <object_component_ref idref="oc-523"/>
      </symbol>
      <symbol id="sm-1a69">
         <name>L_ASR_2</name>
         <value>0x265c8</value>
         <object_component_ref idref="oc-523"/>
      </symbol>
      <symbol id="sm-1a6a">
         <name>L_ASR_1</name>
         <value>0x265cc</value>
         <object_component_ref idref="oc-523"/>
      </symbol>
      <symbol id="sm-1a6b">
         <name>L_ASR_7</name>
         <value>0x265b4</value>
         <object_component_ref idref="oc-523"/>
      </symbol>
      <symbol id="sm-1a6c">
         <name>L_ASR_6</name>
         <value>0x265b8</value>
         <object_component_ref idref="oc-523"/>
      </symbol>
      <symbol id="sm-1a6d">
         <name>L_ASR_5</name>
         <value>0x265bc</value>
         <object_component_ref idref="oc-523"/>
      </symbol>
      <symbol id="sm-1a6e">
         <name>L_ASR_4</name>
         <value>0x265c0</value>
         <object_component_ref idref="oc-523"/>
      </symbol>
      <symbol id="sm-1a6f">
         <name>L_ASR_9</name>
         <value>0x265ac</value>
         <object_component_ref idref="oc-523"/>
      </symbol>
      <symbol id="sm-1a70">
         <name>L_ASR_8</name>
         <value>0x265b0</value>
         <object_component_ref idref="oc-523"/>
      </symbol>
      <symbol id="sm-1a7f">
         <name>_stack</name>
         <value>0x5b60</value>
         <object_component_ref idref="oc-207"/>
      </symbol>
      <symbol id="sm-1a80">
         <name>_reset_vector</name>
         <value>0xfffe</value>
         <object_component_ref idref="oc-208"/>
      </symbol>
      <symbol id="sm-1a8e">
         <name>_c_int00_noargs_noexit</name>
         <value>0x6668</value>
         <object_component_ref idref="oc-88"/>
      </symbol>
      <symbol id="sm-1ab9">
         <name>__remi</name>
         <value>0x274c0</value>
         <object_component_ref idref="oc-221"/>
      </symbol>
      <symbol id="sm-1aba">
         <name>__divi</name>
         <value>0x274c0</value>
         <object_component_ref idref="oc-221"/>
      </symbol>
      <symbol id="sm-1ac8">
         <name>__remu</name>
         <value>0x284b2</value>
         <object_component_ref idref="oc-226"/>
      </symbol>
      <symbol id="sm-1ac9">
         <name>__divu</name>
         <value>0x284b2</value>
         <object_component_ref idref="oc-226"/>
      </symbol>
      <symbol id="sm-1ada">
         <name>__remli</name>
         <value>0x26296</value>
         <object_component_ref idref="oc-22b"/>
      </symbol>
      <symbol id="sm-1adb">
         <name>__divli</name>
         <value>0x26296</value>
         <object_component_ref idref="oc-22b"/>
      </symbol>
      <symbol id="sm-1aee">
         <name>__divul</name>
         <value>0x25066</value>
         <object_component_ref idref="oc-230"/>
      </symbol>
      <symbol id="sm-1aef">
         <name>__remul</name>
         <value>0x25066</value>
         <object_component_ref idref="oc-230"/>
      </symbol>
      <symbol id="sm-1afd">
         <name>C$$EXIT</name>
         <value>0x28be8</value>
         <object_component_ref idref="oc-393"/>
      </symbol>
      <symbol id="sm-1afe">
         <name>abort</name>
         <value>0x28be8</value>
         <object_component_ref idref="oc-393"/>
      </symbol>
      <symbol id="sm-1b22">
         <name>I_LSL</name>
         <value>0x28a88</value>
         <object_component_ref idref="oc-246"/>
      </symbol>
      <symbol id="sm-1b32">
         <name>L_LSL_3</name>
         <value>0x26602</value>
         <object_component_ref idref="oc-40c"/>
      </symbol>
      <symbol id="sm-1b33">
         <name>L_LSL_2</name>
         <value>0x26606</value>
         <object_component_ref idref="oc-40c"/>
      </symbol>
      <symbol id="sm-1b34">
         <name>L_LSL_1</name>
         <value>0x2660a</value>
         <object_component_ref idref="oc-40c"/>
      </symbol>
      <symbol id="sm-1b35">
         <name>L_LSL_7</name>
         <value>0x265f2</value>
         <object_component_ref idref="oc-40c"/>
      </symbol>
      <symbol id="sm-1b36">
         <name>L_LSL_6</name>
         <value>0x265f6</value>
         <object_component_ref idref="oc-40c"/>
      </symbol>
      <symbol id="sm-1b37">
         <name>L_LSL_5</name>
         <value>0x265fa</value>
         <object_component_ref idref="oc-40c"/>
      </symbol>
      <symbol id="sm-1b38">
         <name>L_LSL_4</name>
         <value>0x265fe</value>
         <object_component_ref idref="oc-40c"/>
      </symbol>
      <symbol id="sm-1b39">
         <name>L_LSL_9</name>
         <value>0x265ea</value>
         <object_component_ref idref="oc-40c"/>
      </symbol>
      <symbol id="sm-1b3a">
         <name>L_LSL_8</name>
         <value>0x265ee</value>
         <object_component_ref idref="oc-40c"/>
      </symbol>
      <symbol id="sm-1b3b">
         <name>L_LSL</name>
         <value>0x28854</value>
         <object_component_ref idref="oc-4cd"/>
      </symbol>
      <symbol id="sm-1b3c">
         <name>L_LSL_12</name>
         <value>0x265de</value>
         <object_component_ref idref="oc-40c"/>
      </symbol>
      <symbol id="sm-1b3d">
         <name>L_LSL_13</name>
         <value>0x265da</value>
         <object_component_ref idref="oc-40c"/>
      </symbol>
      <symbol id="sm-1b3e">
         <name>L_LSL_10</name>
         <value>0x265e6</value>
         <object_component_ref idref="oc-40c"/>
      </symbol>
      <symbol id="sm-1b3f">
         <name>L_LSL_11</name>
         <value>0x265e2</value>
         <object_component_ref idref="oc-40c"/>
      </symbol>
      <symbol id="sm-1b40">
         <name>L_LSL_14</name>
         <value>0x265d6</value>
         <object_component_ref idref="oc-40c"/>
      </symbol>
      <symbol id="sm-1b41">
         <name>L_LSL_15</name>
         <value>0x265d2</value>
         <object_component_ref idref="oc-40c"/>
      </symbol>
      <symbol id="sm-1b4e">
         <name>I_LSR</name>
         <value>0x28a92</value>
         <object_component_ref idref="oc-24f"/>
      </symbol>
      <symbol id="sm-1b5e">
         <name>L_LSR_12</name>
         <value>0x2661c</value>
         <object_component_ref idref="oc-40b"/>
      </symbol>
      <symbol id="sm-1b5f">
         <name>L_LSR_13</name>
         <value>0x26618</value>
         <object_component_ref idref="oc-40b"/>
      </symbol>
      <symbol id="sm-1b60">
         <name>L_LSR_10</name>
         <value>0x26624</value>
         <object_component_ref idref="oc-40b"/>
      </symbol>
      <symbol id="sm-1b61">
         <name>L_LSR_11</name>
         <value>0x26620</value>
         <object_component_ref idref="oc-40b"/>
      </symbol>
      <symbol id="sm-1b62">
         <name>L_LSR_14</name>
         <value>0x26614</value>
         <object_component_ref idref="oc-40b"/>
      </symbol>
      <symbol id="sm-1b63">
         <name>L_LSR_15</name>
         <value>0x26610</value>
         <object_component_ref idref="oc-40b"/>
      </symbol>
      <symbol id="sm-1b64">
         <name>L_LSR</name>
         <value>0x28864</value>
         <object_component_ref idref="oc-4d8"/>
      </symbol>
      <symbol id="sm-1b65">
         <name>L_LSR_3</name>
         <value>0x26640</value>
         <object_component_ref idref="oc-40b"/>
      </symbol>
      <symbol id="sm-1b66">
         <name>L_LSR_2</name>
         <value>0x26644</value>
         <object_component_ref idref="oc-40b"/>
      </symbol>
      <symbol id="sm-1b67">
         <name>L_LSR_1</name>
         <value>0x26648</value>
         <object_component_ref idref="oc-40b"/>
      </symbol>
      <symbol id="sm-1b68">
         <name>L_LSR_7</name>
         <value>0x26630</value>
         <object_component_ref idref="oc-40b"/>
      </symbol>
      <symbol id="sm-1b69">
         <name>L_LSR_6</name>
         <value>0x26634</value>
         <object_component_ref idref="oc-40b"/>
      </symbol>
      <symbol id="sm-1b6a">
         <name>L_LSR_5</name>
         <value>0x26638</value>
         <object_component_ref idref="oc-40b"/>
      </symbol>
      <symbol id="sm-1b6b">
         <name>L_LSR_4</name>
         <value>0x2663c</value>
         <object_component_ref idref="oc-40b"/>
      </symbol>
      <symbol id="sm-1b6c">
         <name>L_LSR_9</name>
         <value>0x26628</value>
         <object_component_ref idref="oc-40b"/>
      </symbol>
      <symbol id="sm-1b6d">
         <name>L_LSR_8</name>
         <value>0x2662c</value>
         <object_component_ref idref="oc-40b"/>
      </symbol>
      <symbol id="sm-1b7c">
         <name>memcpy</name>
         <value>0x2777e</value>
         <object_component_ref idref="oc-375"/>
      </symbol>
      <symbol id="sm-1b8b">
         <name>memset</name>
         <value>0x27f8e</value>
         <object_component_ref idref="oc-612"/>
      </symbol>
      <symbol id="sm-1bb9">
         <name>__mpyul_f5hw</name>
         <value>0x282c0</value>
         <object_component_ref idref="oc-59d"/>
      </symbol>
      <symbol id="sm-1bca">
         <name>__mpyi_f5hw</name>
         <value>0x284c8</value>
         <object_component_ref idref="oc-436"/>
      </symbol>
      <symbol id="sm-1c00">
         <name>__mpyl_f5hw</name>
         <value>0x27e5c</value>
         <object_component_ref idref="oc-44e"/>
      </symbol>
      <symbol id="sm-1c21">
         <name>_system_pre_init</name>
         <value>0x28be4</value>
         <object_component_ref idref="oc-38d"/>
      </symbol>
      <symbol id="sm-1c3e">
         <name>_nop</name>
         <value>0x28c00</value>
         <object_component_ref idref="oc-40e"/>
      </symbol>
      <symbol id="sm-1c3f">
         <name>_lock</name>
         <value>0x472c</value>
         <object_component_ref idref="oc-3a8"/>
      </symbol>
      <symbol id="sm-1c40">
         <name>_unlock</name>
         <value>0x4730</value>
         <object_component_ref idref="oc-3ae"/>
      </symbol>
      <symbol id="sm-1c6e">
         <name>_auto_init_hold_wdt</name>
         <value>0x22c1a</value>
         <object_component_ref idref="oc-38e"/>
      </symbol>
      <symbol id="sm-1c7e">
         <name>__TI_tmpnams</name>
         <value>0x3d1e</value>
         <object_component_ref idref="oc-2ac"/>
      </symbol>
      <symbol id="sm-1c7f">
         <name>_ftable</name>
         <value>0x3c56</value>
         <object_component_ref idref="oc-2ac"/>
      </symbol>
      <symbol id="sm-1c80">
         <name>__TI_ft_end</name>
         <value>0x3dbe</value>
         <object_component_ref idref="oc-2ac"/>
      </symbol>
      <symbol id="sm-1ccd">
         <name>strcpy</name>
         <value>0x28736</value>
         <object_component_ref idref="oc-40d"/>
      </symbol>
      <symbol id="sm-1cda">
         <name>strlen</name>
         <value>0x28748</value>
         <object_component_ref idref="oc-408"/>
      </symbol>
      <symbol id="sm-1d40">
         <name>HOSTrename</name>
         <value>0x2383a</value>
         <object_component_ref idref="oc-3a6"/>
      </symbol>
      <symbol id="sm-1d41">
         <name>HOSTclose</name>
         <value>0x25848</value>
         <object_component_ref idref="oc-3a1"/>
      </symbol>
      <symbol id="sm-1d42">
         <name>HOSTunlink</name>
         <value>0x25e0e</value>
         <object_component_ref idref="oc-3a5"/>
      </symbol>
      <symbol id="sm-1d43">
         <name>HOSTlseek</name>
         <value>0x219f6</value>
         <object_component_ref idref="oc-3a4"/>
      </symbol>
      <symbol id="sm-1d44">
         <name>HOSTopen</name>
         <value>0x23ee6</value>
         <object_component_ref idref="oc-3a0"/>
      </symbol>
      <symbol id="sm-1d45">
         <name>HOSTwrite</name>
         <value>0x242bc</value>
         <object_component_ref idref="oc-3a3"/>
      </symbol>
      <symbol id="sm-1d46">
         <name>HOSTread</name>
         <value>0x246e0</value>
         <object_component_ref idref="oc-3a2"/>
      </symbol>
      <symbol id="sm-1d5c">
         <name>__TI_readmsg</name>
         <value>0x270ce</value>
         <object_component_ref idref="oc-40a"/>
      </symbol>
      <symbol id="sm-1d5d">
         <name>C$$IO$$</name>
         <value>0x26daa</value>
         <object_component_ref idref="oc-409"/>
      </symbol>
      <symbol id="sm-1d5e">
         <name>_CIOBUF_</name>
         <value>0x4740</value>
         <object_component_ref idref="oc-309"/>
      </symbol>
      <symbol id="sm-1d5f">
         <name>__TI_writemsg</name>
         <value>0x26d78</value>
         <object_component_ref idref="oc-409"/>
      </symbol>
      <symbol id="sm-1d8d">
         <name>_Errno</name>
         <value>0x473c</value>
         <object_component_ref idref="oc-322"/>
      </symbol>
      <symbol id="sm-1dcd">
         <name>__fs_add</name>
         <value>0xd7dc</value>
         <object_component_ref idref="oc-332"/>
      </symbol>
      <symbol id="sm-1dce">
         <name>__fs_sub</name>
         <value>0xd7d6</value>
         <object_component_ref idref="oc-332"/>
      </symbol>
      <symbol id="sm-1de7">
         <name>__fs_cmp</name>
         <value>0x25a5c</value>
         <object_component_ref idref="oc-337"/>
      </symbol>
      <symbol id="sm-1e0b">
         <name>__fs_div</name>
         <value>0x2252c</value>
         <object_component_ref idref="oc-33c"/>
      </symbol>
      <symbol id="sm-1e35">
         <name>__fs_mpy</name>
         <value>0x20e8e</value>
         <object_component_ref idref="oc-341"/>
      </symbol>
      <symbol id="sm-1e43">
         <name>__fs_neg</name>
         <value>0x28a7e</value>
         <object_component_ref idref="oc-346"/>
      </symbol>
      <symbol id="sm-1e72">
         <name>_sys_memory</name>
         <value>0x4860</value>
         <object_component_ref idref="oc-35d"/>
      </symbol>
   </symbol_table>
   <title>Link successful</title>
</link_info>
