******************************************************************************
                  MSP430 Linker PC v4.4.4                      
******************************************************************************
>> Linked Wed Jun 22 13:56:35 2016

OUTPUT FILE NAME:   <CP-Firmware.out>
ENTRY POINT SYMBOL: "_c_int00_noargs_noexit"  address: 00006668


MEMORY CONFIGURATION

         name            origin    length      used     unused   attr    fill
----------------------  --------  ---------  --------  --------  ----  --------
  SFR                   00000000   00000010  00000000  00000010  RWIX
  PERIPHERALS_8BIT      00000010   000000f0  00000000  000000f0  RWIX
  PERIPHERALS_16BIT     00000100   00000100  00000000  00000100  RWIX
  INFOD                 00001800   00000080  00000000  00000080  RWIX
  INFOC                 00001880   00000080  00000000  00000080  RWIX
  INFOB                 00001900   00000080  00000000  00000080  RWIX
  INFOA                 00001980   00000080  00000000  00000080  RWIX
  RAM                   00001c00   00004000  00002da0  00001260  RWIX
  FLASH                 00005c00   0000a380  0000a380  00000000  RWIX
  INT00                 0000ff80   00000002  00000000  00000002  RWIX
  INT01                 0000ff82   00000002  00000000  00000002  RWIX
  INT02                 0000ff84   00000002  00000000  00000002  RWIX
  INT03                 0000ff86   00000002  00000000  00000002  RWIX
  INT04                 0000ff88   00000002  00000000  00000002  RWIX
  INT05                 0000ff8a   00000002  00000000  00000002  RWIX
  INT06                 0000ff8c   00000002  00000000  00000002  RWIX
  INT07                 0000ff8e   00000002  00000000  00000002  RWIX
  INT08                 0000ff90   00000002  00000000  00000002  RWIX
  INT09                 0000ff92   00000002  00000000  00000002  RWIX
  INT10                 0000ff94   00000002  00000000  00000002  RWIX
  INT11                 0000ff96   00000002  00000000  00000002  RWIX
  INT12                 0000ff98   00000002  00000000  00000002  RWIX
  INT13                 0000ff9a   00000002  00000000  00000002  RWIX
  INT14                 0000ff9c   00000002  00000000  00000002  RWIX
  INT15                 0000ff9e   00000002  00000000  00000002  RWIX
  INT16                 0000ffa0   00000002  00000000  00000002  RWIX
  INT17                 0000ffa2   00000002  00000000  00000002  RWIX
  INT18                 0000ffa4   00000002  00000000  00000002  RWIX
  INT19                 0000ffa6   00000002  00000000  00000002  RWIX
  INT20                 0000ffa8   00000002  00000000  00000002  RWIX
  INT21                 0000ffaa   00000002  00000000  00000002  RWIX
  INT22                 0000ffac   00000002  00000000  00000002  RWIX
  INT23                 0000ffae   00000002  00000000  00000002  RWIX
  INT24                 0000ffb0   00000002  00000000  00000002  RWIX
  INT25                 0000ffb2   00000002  00000000  00000002  RWIX
  INT26                 0000ffb4   00000002  00000000  00000002  RWIX
  INT27                 0000ffb6   00000002  00000000  00000002  RWIX
  INT28                 0000ffb8   00000002  00000000  00000002  RWIX
  INT29                 0000ffba   00000002  00000000  00000002  RWIX
  INT30                 0000ffbc   00000002  00000000  00000002  RWIX
  INT31                 0000ffbe   00000002  00000000  00000002  RWIX
  INT32                 0000ffc0   00000002  00000000  00000002  RWIX
  INT33                 0000ffc2   00000002  00000000  00000002  RWIX
  INT34                 0000ffc4   00000002  00000000  00000002  RWIX
  INT35                 0000ffc6   00000002  00000000  00000002  RWIX
  INT36                 0000ffc8   00000002  00000000  00000002  RWIX
  INT37                 0000ffca   00000002  00000000  00000002  RWIX
  INT38                 0000ffcc   00000002  00000000  00000002  RWIX
  INT39                 0000ffce   00000002  00000000  00000002  RWIX
  INT40                 0000ffd0   00000002  00000000  00000002  RWIX
  INT41                 0000ffd2   00000002  00000002  00000000  RWIX
  INT42                 0000ffd4   00000002  00000002  00000000  RWIX
  INT43                 0000ffd6   00000002  00000002  00000000  RWIX
  INT44                 0000ffd8   00000002  00000002  00000000  RWIX
  INT45                 0000ffda   00000002  00000002  00000000  RWIX
  INT46                 0000ffdc   00000002  00000002  00000000  RWIX
  INT47                 0000ffde   00000002  00000002  00000000  RWIX
  INT48                 0000ffe0   00000002  00000002  00000000  RWIX
  INT49                 0000ffe2   00000002  00000002  00000000  RWIX
  INT50                 0000ffe4   00000002  00000002  00000000  RWIX
  INT51                 0000ffe6   00000002  00000002  00000000  RWIX
  INT52                 0000ffe8   00000002  00000002  00000000  RWIX
  INT53                 0000ffea   00000002  00000002  00000000  RWIX
  INT54                 0000ffec   00000002  00000002  00000000  RWIX
  INT55                 0000ffee   00000002  00000002  00000000  RWIX
  INT56                 0000fff0   00000002  00000002  00000000  RWIX
  INT57                 0000fff2   00000002  00000002  00000000  RWIX
  INT58                 0000fff4   00000002  00000002  00000000  RWIX
  INT59                 0000fff6   00000002  00000002  00000000  RWIX
  INT60                 0000fff8   00000002  00000002  00000000  RWIX
  INT61                 0000fffa   00000002  00000002  00000000  RWIX
  INT62                 0000fffc   00000002  00000002  00000000  RWIX
  RESET                 0000fffe   00000002  00000002  00000000  RWIX
  FLASHMSGBUFF          00010000   0000ffff  00000000  0000ffff  RWIX
  FLASH2                0001ffff   00035c00  0000bb72  0002a08e  RWIX


SECTION ALLOCATION MAP

 output                                  attributes/
section   page    origin      length       input sections
--------  ----  ----------  ----------   ----------------
.bss       0    00001c00    00002b40     UNINITIALIZED
                  00001c00    00000ca6     task_manager.obj (.bss)
                  000028a6    00000618     LNKBLK.obj (.bss)
                  00002ebe    0000038e     SP_I2C.obj (.bss)
                  0000324c    00000340     main.obj (.bss)
                  0000358c    0000026a     comm_routing.obj (.bss)
                  000037f6    00000260     rts.obj (.bss)
                  00003a56    00000200     SD_Card_Testing.obj (.bss)
                  00003c56    0000016a     rts430xl.lib : defs.obj (.bss)
                  00003dc0    00000144     MODOPT.obj (.bss)
                  00003f04    00000134     sensor.obj (.bss)
                  00004038    0000010e     report.obj (.bss)
                  00004146    0000010c     scc.obj (.bss)
                  00004252    000000da     fulldiag.obj (.bss)
                  0000432c    000000b8     rts430xl.lib : lowlev.obj (.bss)
                  000043e4    00000096     key.obj (.bss)
                  0000447a    0000008c     comm_utilities.obj (.bss)
                  00004506    00000084     MODACT.obj (.bss)
                  0000458a    00000048     daytime.obj (.bss)
                  000045d2    00000042     adf7020.obj (.bss)
                  00004614    00000041     serial.obj (.bss)
                  00004655    00000001     time.obj (.bss)
                  00004656    00000041     usci_A0_uart.obj (.bss)
                  00004697    00000001     ucs.obj (.bss)
                  00004698    0000003c     SD_Card.obj (.bss)
                  000046d4    00000024     MODSTORE.obj (.bss)
                  000046f8    00000012     comm_discovery.obj (.bss)
                  0000470a    0000000e     rts430xl.lib : memory.obj (.bss)
                  00004718    00000008                  : trgdrv.obj (.bss)
                  00004720    00000006     L2Sram.obj (.bss)
                  00004726    00000006     fram.obj (.bss)
                  0000472c    00000004     rts430xl.lib : _lock.obj (.bss:_lock)
                  00004730    00000004                  : _lock.obj (.bss:_unlock)
                  00004734    00000004     comm_opmode.obj (.bss)
                  00004738    00000004     gs.obj (.bss)
                  0000473c    00000002     rts430xl.lib : errno.obj (.bss)
                  0000473e    00000002                  : fopen.obj (.bss)

.data      0    00001c00    00000000     UNINITIALIZED

.cio       0    00004740    00000120     UNINITIALIZED
                  00004740    00000120     rts430xl.lib : trgmsg.obj (.cio)

.sysmem    0    00004860    000000a0     UNINITIALIZED
                  00004860    00000008     rts430xl.lib : memory.obj (.sysmem)
                  00004868    00000098     --HOLE--

.stack     0    00005b60    000000a0     UNINITIALIZED
                  00005b60    00000004     rts430xl.lib : boot.obj (.stack)
                  00005b64    0000009c     --HOLE--

.cinit     0    00005c00    000006fc     
                  00005c00    00000156     MODOPT.obj (.cinit)
                  00005d56    00000146     sensor.obj (.cinit)
                  00005e9c    00000122     fulldiag.obj (.cinit)
                  00005fbe    000000a8     key.obj (.cinit)
                  00006066    00000090     MODACT.obj (.cinit)
                  000060f6    00000056     rts430xl.lib : lowlev.obj (.cinit)
                  0000614c    0000004e     daytime.obj (.cinit)
                  0000619a    0000004a     rts430xl.lib : defs.obj (.cinit)
                  000061e4    00000030     comm_utilities.obj (.cinit)
                  00006214    0000002e     SP_I2C.obj (.cinit)
                  00006242    0000002a     MODSTORE.obj (.cinit)
                  0000626c    00000018     fram.obj (.cinit)
                  00006284    00000016     task_manager.obj (.cinit)
                  0000629a    00000010     comm_discovery.obj (.cinit)
                  000062aa    0000000a     rts430xl.lib : _lock.obj (.cinit:_lock)
                  000062b4    0000000a                  : _lock.obj (.cinit:_unlock)
                  000062be    0000000a     comm_opmode.obj (.cinit)
                  000062c8    0000000a     report.obj (.cinit)
                  000062d2    00000008     rts430xl.lib : errno.obj (.cinit)
                  000062da    00000008                  : fopen.obj (.cinit)
                  000062e2    00000008                  : memory.obj (.cinit)
                  000062ea    00000007     adf7020.obj (.cinit)
                  000062f1    00000001     --HOLE-- [fill = 0]
                  000062f2    00000007     ucs.obj (.cinit)
                  000062f9    00000001     --HOLE-- [fill = 0]
                  000062fa    00000002     (.pad.cinit) [fill = 0]

.text:_isr 
*          0    000062fc    000003c8     
                  000062fc    00000124     irupt.obj (.text:_isr:Port1_ISR)
                  00006420    000000b4     irupt.obj (.text:_isr:Timer0_A1_ISR)
                  000064d4    00000096     irupt.obj (.text:_isr:PORT2_ISR)
                  0000656a    00000046     irupt.obj (.text:_isr:vUSCI_A1_ISR)
                  000065b0    0000003c     irupt.obj (.text:_isr:vTIMER1_A1_ISR)
                  000065ec    00000030     irupt.obj (.text:_isr:TIMER0_B1_ISR)
                  0000661c    0000002c     irupt.obj (.text:_isr:USCI_A0_ISR)
                  00006648    00000020     irupt.obj (.text:_isr:vTIMERA1_A0_ISR)
                  00006668    0000001a     rts430xl.lib : boot_special.obj (.text:_isr:_c_int00_noargs_noexit)
                  00006682    00000008     irupt.obj (.text:_isr:TIMER0_A0_ISR)
                  0000668a    00000008     irupt.obj (.text:_isr:WDT_ISR)
                  00006692    00000006     irupt.obj (.text:_isr:TIMER0_B0_ISR)
                  00006698    00000004     irupt.obj (.text:_isr:ADC12_ISR)
                  0000669c    00000004     irupt.obj (.text:_isr:DMA_ISR)
                  000066a0    00000004     irupt.obj (.text:_isr:RTC_ISR)
                  000066a4    00000004     irupt.obj (.text:_isr:SYSNMI_ISR)
                  000066a8    00000004     irupt.obj (.text:_isr:UNMI_ISR)
                  000066ac    00000004     irupt.obj (.text:_isr:USCI_A2_ISR)
                  000066b0    00000004     irupt.obj (.text:_isr:USCI_A3_ISR)
                  000066b4    00000004     irupt.obj (.text:_isr:USCI_B0_ISR)
                  000066b8    00000004     irupt.obj (.text:_isr:USCI_B1_ISR)
                  000066bc    00000004     irupt.obj (.text:_isr:USCI_B2_ISR)
                  000066c0    00000004     irupt.obj (.text:_isr:USCI_B3_ISR)

.const     0    00028c14    00002f5e     
                  00028c14    00000e98     fulldiag.obj (.const:.string)
                  00029aac    00000400     adf7020_freq.obj (.const:g_ucaADF7020_ChannelFrequencyLUT)
                  00029eac    00000374     key.obj (.const:.string)
                  0002a220    0000028e     MODOPT.obj (.const:.string)
                  0002a4ae    0000026a     MODACT.obj (.const:.string)
                  0002a718    00000268     sensor.obj (.const:.string)
                  0002a980    000001de     rts.obj (.const:.string)
                  0002ab5e    000001d2     task_manager.obj (.const:.string)
                  0002ad30    00000186     main.obj (.const:.string)
                  0002aeb6    00000170     L2fram.obj (.const:.string)
                  0002b026    00000142     L2Sram.obj (.const:.string)
                  0002b168    00000140     buz.obj (.const:.string)
                  0002b2a8    000000c0     SP_I2C.obj (.const:.string)
                  0002b368    000000b8     comm_utilities.obj (.const:.string)
                  0002b420    0000009a     LNKBLK.obj (.const:.string)
                  0002b4ba    0000008c     comm_opmode.obj (.const:.string)
                  0002b546    00000070     SD_Card.obj (.const:.string)
                  0002b5b6    0000006e     SD_Card_Testing.obj (.const:.string)
                  0002b624    00000058     MODSTORE.obj (.const:.string)
                  0002b67c    00000054     time.obj (.const:.string)
                  0002b6d0    00000052     task_dispatch.obj (.const:.string)
                  0002b722    0000004c     buz.obj (.const:uiNote_freq_tbl)
                  0002b76e    00000044     key.obj (.const:vCMD_func_ptrArray)
                  0002b7b2    00000042     NUMCMD.obj (.const:.string)
                  0002b7f4    0000003e     serial.obj (.const:.string)
                  0002b832    0000003a     gid.obj (.const:.string)
                  0002b86c    00000034     daytime.obj (.const:.string)
                  0002b8a0    00000032     pick.obj (.const:.string)
                  0002b8d2    00000028     rts.obj (.const:fpaSchedFuncArray)
                  0002b8fa    00000028     MODOPT.obj (.const:ucaRoleOptionDefaults)
                  0002b922    00000026     sysact.obj (.const:.string)
                  0002b948    00000020     MODACT.obj (.const:vMODACTfunctionTbl)
                  0002b968    0000001e     comm_routing.obj (.const:.string)
                  0002b986    0000001c     spi.obj (.const:.string)
                  0002b9a2    0000001a     fram.obj (.const:.string)
                  0002b9bc    00000018     fulldiag.obj (.const:ucSENSOR_DIAG_PtrArray)
                  0002b9d4    00000018     MODOPT.obj (.const:vMODOPTfunctionTbl)
                  0002b9ec    00000018     MODSTORE.obj (.const:vMODSTOREfunctionTbl)
                  0002ba04    00000010     crc.obj (.const:.string:ucCRC16_lookupHI)
                  0002ba14    00000010     crc.obj (.const:.string:ucCRC16_lookupLO)
                  0002ba24    00000010     fulldiag.obj (.const:ucRADIO_DIAG_PtrArray)
                  0002ba34    00000010     pick.obj (.const:uslaSSP_BaseAddr)
                  0002ba44    00000010     pick.obj (.const:uslaSSP_MaxAddr)
                  0002ba54    00000010     key.obj (.const:vKey_Crisis_func_ptrArray)
                  0002ba64    00000010     key.obj (.const:vKey_SetID_func_ptrArray)
                  0002ba74    0000000e     flash.obj (.const:.string)
                  0002ba82    0000000e     gs.obj (.const:.string)
                  0002ba90    0000000e     MODACT.obj (.const:.string:ucaChangeableActions)
                  0002ba9e    0000000c     comm_discovery.obj (.const:.string)
                  0002baaa    0000000c     rand.obj (.const:.string)
                  0002bab6    0000000c     daytime.obj (.const:.string:ucaMonthDayCount)
                  0002bac2    0000000c     fulldiag.obj (.const:ucFRAM_DIAG_PtrArray)
                  0002bace    0000000c     fulldiag.obj (.const:uiaSENSOR_testRepeatCountArray)
                  0002bada    0000000c     comm_discovery.obj (.const:ulaDiscDuration)
                  0002bae6    0000000a     SD_Card_Testing.obj (.const:$P$T1$1)
                  0002baf0    0000000a     comm_opmode.obj (.const:.string:$P$T0$1)
                  0002bafa    00000008     scc.obj (.const:.string)
                  0002bb02    00000008     MODOPT.obj (.const:.string:ucaBitMask)
                  0002bb0a    00000008     fulldiag.obj (.const:ucSDBOARD_DIAG_PtrArray)
                  0002bb12    00000008     buz.obj (.const:uiNote_duration_tbl)
                  0002bb1a    00000008     fulldiag.obj (.const:uiaRADIO_testRepeatCountArray)
                  0002bb22    00000007     adf7020.obj (.const:.string:g_ucaADF7020_Preamble)
                  0002bb29    00000001     --HOLE-- [fill = 0]
                  0002bb2a    00000006     report.obj (.const:.string)
                  0002bb30    00000006     comm_discovery.obj (.const:ucaLinkSlotTimes)
                  0002bb36    00000006     fulldiag.obj (.const:uiaFRAM_testRepeatCountArray)
                  0002bb3c    00000004     cmd.obj (.const:.string)
                  0002bb40    00000004     SP_I2C.obj (.const:.string:g_ucaEnPins)
                  0002bb44    00000004     SP_I2C.obj (.const:.string:g_ucaIntPins)
                  0002bb48    00000004     SP_I2C.obj (.const:.string:g_ucaRstPins)
                  0002bb4c    00000004     SP_I2C.obj (.const:.string:g_ucaSCLPins)
                  0002bb50    00000004     SP_I2C.obj (.const:.string:g_ucaSDAPins)
                  0002bb54    00000004     SP_I2C.obj (.const:.string:g_ucaTckPins)
                  0002bb58    00000004     SP_I2C.obj (.const:.string:ucaSPBit)
                  0002bb5c    00000004     pick.obj (.const:.string:ucaSSP_ByteWidth)
                  0002bb60    00000004     fulldiag.obj (.const:ucBUZ_DIAG_PtrArray)
                  0002bb64    00000004     fulldiag.obj (.const:ucFLASH_DIAG_PtrArray)
                  0002bb68    00000004     fulldiag.obj (.const:uiaSDBOARD_testRepeatCountArray)
                  0002bb6c    00000002     rom.obj (.const)
                  0002bb6e    00000002     fulldiag.obj (.const:uiaBUZ_testRepeatCountArray)
                  0002bb70    00000002     fulldiag.obj (.const:uiaFLASH_testRepeatCountArray)

.pinit     0    00005c00    00000000     UNINITIALIZED

.text.1    0    000066c4    000098bc     
                  000066c4    00000cd2     fulldiag.obj (.text:vFULLDIAG_diagnostic_asynchronous_operations)
                  00007396    000006e0     rts.obj (.text:vRTS_schedule_OM_slot)
                  00007a76    0000066c     task_manager.obj (.text:ucTask_Init)
                  000080e2    0000053e     task_manager.obj (.text:ucTask_SetField)
                  00008620    00000484     main.obj (.text:main)
                  00008aa4    000003a4     task_manager.obj (.text:ucTask_CreateCombinedTask)
                  00008e48    00000382     task_manager.obj (.text:ucTask_GetField)
                  000091ca    00000370     rts.obj (.text:vRTS_schedule_interval_slot)
                  0000953a    0000030e     gs.obj (.text:vGS_ReportToGardenServer)
                  00009848    000002c0     SD_Card.obj (.text:ucSD_Send_Command)
                  00009b08    000002b0     task_manager.obj (.text:ucTask_FetchSingleSPTasks)
                  00009db8    00000290     task_dispatch.obj (.text:vTask_Dispatch)
                  0000a048    00000288     task_manager.obj (.text:ucTask_CreateTask)
                  0000a2d0    00000270     fulldiag.obj (.text:ucFULLDIAG_FRAM_1)
                  0000a540    0000021c     main.obj (.text:vMAIN_computeDispatchTiming)
                  0000a75c    00000218     report.obj (.text:vReport_PrintCrisisLog)
                  0000a974    000001f4     comm_opmode.obj (.text:ucComm_ParseMsg)
                  0000ab68    000001e6     report.obj (.text:ucReport_CrisisLog)
                  0000ad4e    000001de     task_dispatch.obj (.text:vTask_SP_CheckBoards)
                  0000af2c    000001dc     key.obj (.text:vKEY_Set_HID)
                  0000b108    000001d8     task_manager.obj (.text:ucTask_DestroyTask)
                  0000b2e0    000001d6     comm_opmode.obj (.text:ucComm_WaitFor_LRQ)
                  0000b4b6    000001d2     SD_Card_Testing.obj (.text:SD_Testing_Basic)
                  0000b688    000001d0     comm_utilities.obj (.text:ucComm_chkMsgIntegrity)
                  0000b858    000001c8     adf7020.obj (.text:unADF7020_SetRadioState)
                  0000ba20    000001bc     fulldiag.obj (.text:ucFULLDIAG_FRAM_2)
                  0000bbdc    000001a4     task_dispatch.obj (.text:vTask_SP_StartSlot)
                  0000bd80    0000019e     comm_discovery.obj (.text:cComm_WaitFor_RequesttoJoin)
                  0000bf1e    00000198     comm_opmode.obj (.text:ucComm_WaitFor_RTR)
                  0000c0b6    00000190     L2fram.obj (.text:vL2FRAM_showTSBTbl)
                  0000c246    0000018e     task_manager.obj (.text:vTaskDisplayTaskList)
                  0000c3d4    0000017e     rts.obj (.text:vRTS_schedule_RTJ_slots)
                  0000c552    00000176     key.obj (.text:vKEY_doUploadToPC)
                  0000c6c8    0000016e     adf7020.obj (.text:unADF7020_Initialize)
                  0000c836    00000162     task_dispatch.obj (.text:vTask_ReportHID)
                  0000c998    0000015c     L2fram.obj (.text:ucL2FRAM_chk_for_fram)
                  0000caf4    0000015c     comm_discovery.obj (.text:vComm_Request_to_Join)
                  0000cc50    00000154     SP_I2C.obj (.text:ucSP_Start)
                  0000cda4    00000152     comm_opmode.obj (.text:vComm_SendLRQ)
                  0000cef6    0000014e     rts.obj (.text:vRTS_CheckSPDataPending)
                  0000d044    0000014c     rts.obj (.text:ucRTS_isSlotAvailable)
                  0000d190    0000014c     daytime.obj (.text:vDAYTIME_convertSecsToDstructAndTstruct)
                  0000d2dc    00000144     comm_opmode.obj (.text:vComm_SendData)
                  0000d420    00000142     daytime.obj (.text:cDAYTIME_convertDstrToDstruct)
                  0000d562    00000142     report.obj (.text:vREPORT_LogReport)
                  0000d6a4    00000132     SD_Card.obj (.text:ucSD_Init)
                  0000d7d6    00000130     rts430xl.lib : fs_add.obj (.text)
                  0000d906    00000130     comm_opmode.obj (.text:vComm_Child)
                  0000da36    0000012e     fulldiag.obj (.text:vFULLDIAG_test_single_SP)
                  0000db64    0000012a     fulldiag.obj (.text:ucFULLDIAG_BUZ_0)
                  0000dc8e    0000012a     fulldiag.obj (.text:ucFULLDIAG_SENSOR_2)
                  0000ddb8    00000124     task_dispatch.obj (.text:vTask_ModifyTCB)
                  0000dedc    00000114     L2fram.obj (.text:vL2FRAM_format_fram)
                  0000dff0    00000112     rts.obj (.text:vRTS_showTaskHdrLine)
                  0000e102    00000110     task_dispatch.obj (.text:vTask_SP_EndSlot)
                  0000e212    0000010c     SD_Card.obj (.text:ucSD_CheckForCard)
                  0000e31e    00000106     SP_I2C.obj (.text:vSP_Display)
                  0000e424    00000104     time.obj (.text:vTime_SetLPM_DelayAlarm)
                  0000e528    00000102     SP_I2C.obj (.text:ucSP_SetCommState)
                  0000e62a    00000102     rts.obj (.text:vRTS_schedule_BCN_slots)
                  0000e72c    00000102     task_dispatch.obj (.text:vTask_SCC_StartSlot)
                  0000e82e    00000100     gs.obj (.text:ucGS_WaitForRTR)
                  0000e92e    000000fc     comm_utilities.obj (.text:ucComm_Handle_Command)
                  0000ea2a    000000fc     L2Sram.obj (.text:ucL2SRAM_PutCMD_inQueue)
                  0000eb26    000000fc     LNKBLK.obj (.text:ucLNKBLK_computeTimeForSingleLnk)
                  0000ec22    000000fc     SP_I2C.obj (.text:ucSP_I2C_RXByte)
                  0000ed1e    000000fc     rts.obj (.text:vRTS_schedule_command_slot)
                  0000ee1a    000000f8     fulldiag.obj (.text:vFULLDIAG_test_actuators)
                  0000ef12    000000f8     L2fram.obj (.text:vL2FRAM_deleteTSB)
                  0000f00a    000000f8     task_dispatch.obj (.text:vTask_FRAM_to_SDCard)
                  0000f102    000000f6     task_manager.obj (.text:ucTask_CreateOMTask)
                  0000f1f8    000000ec     comm_discovery.obj (.text:vComm_SendBeacon)
                  0000f2e4    000000ec     report.obj (.text:vReport_LoadSRAMFromSDCard)
                  0000f3d0    000000ea     L2fram.obj (.text:vL2FRAM_SetSecurity)
                  0000f4ba    000000e8     comm_opmode.obj (.text:vComm_Parent)
                  0000f5a2    000000e4     report.obj (.text:vReport_BuildMsgsFromDEs)
                  0000f686    000000e2     SP_I2C.obj (.text:ucSP_I2C_TXByte)
                  0000f768    000000e2     comm_routing.obj (.text:vRoute_GetUpdates)
                  0000f84a    000000e0     L2fram.obj (.text:cL2FRAM_addTSB)
                  0000f92a    000000e0     comm_routing.obj (.text:ucRoute_NodeUnjoin)
                  0000fa0a    000000de     task_manager.obj (.text:ucTask_GetParam)
                  0000fae8    000000de     rts.obj (.text:uiRTS_findNearestNSTslot)
                  0000fbc6    000000da     fulldiag.obj (.text:ucFULLDIAG_SENSOR_3)
                  0000fca0    000000da     fulldiag.obj (.text:ucFULLDIAG_SENSOR_4)
                  0000fd7a    000000da     fulldiag.obj (.text:ucFULLDIAG_SENSOR_5)
                  0000fe54    000000d6     main.obj (.text:vMAIN_printIntro)
                  0000ff2a    00000056     misc.obj (.text:uiMISC_doCompensatedBattRead)

RTC        0    0000ffd2    00000002     
                  0000ffd2    00000002     irupt.obj (.int41)

PORT2      0    0000ffd4    00000002     
                  0000ffd4    00000002     irupt.obj (.int42)

USCI_B3    0    0000ffd6    00000002     
                  0000ffd6    00000002     irupt.obj (.int43)

USCI_A3    0    0000ffd8    00000002     
                  0000ffd8    00000002     irupt.obj (.int44)

USCI_B1    0    0000ffda    00000002     
                  0000ffda    00000002     irupt.obj (.int45)

USCI_A1    0    0000ffdc    00000002     
                  0000ffdc    00000002     irupt.obj (.int46)

PORT1      0    0000ffde    00000002     
                  0000ffde    00000002     irupt.obj (.int47)

TIMER1_A1 
*          0    0000ffe0    00000002     
                  0000ffe0    00000002     irupt.obj (.int48)

TIMER1_A0 
*          0    0000ffe2    00000002     
                  0000ffe2    00000002     irupt.obj (.int49)

DMA        0    0000ffe4    00000002     
                  0000ffe4    00000002     irupt.obj (.int50)

USCI_B2    0    0000ffe6    00000002     
                  0000ffe6    00000002     irupt.obj (.int51)

USCI_A2    0    0000ffe8    00000002     
                  0000ffe8    00000002     irupt.obj (.int52)

TIMER0_A1 
*          0    0000ffea    00000002     
                  0000ffea    00000002     irupt.obj (.int53)

TIMER0_A0 
*          0    0000ffec    00000002     
                  0000ffec    00000002     irupt.obj (.int54)

ADC12      0    0000ffee    00000002     
                  0000ffee    00000002     irupt.obj (.int55)

USCI_B0    0    0000fff0    00000002     
                  0000fff0    00000002     irupt.obj (.int56)

USCI_A0    0    0000fff2    00000002     
                  0000fff2    00000002     irupt.obj (.int57)

WDT        0    0000fff4    00000002     
                  0000fff4    00000002     irupt.obj (.int58)

TIMER0_B1 
*          0    0000fff6    00000002     
                  0000fff6    00000002     irupt.obj (.int59)

TIMER0_B0 
*          0    0000fff8    00000002     
                  0000fff8    00000002     irupt.obj (.int60)

UNMI       0    0000fffa    00000002     
                  0000fffa    00000002     irupt.obj (.int61)

SYSNMI     0    0000fffc    00000002     
                  0000fffc    00000002     irupt.obj (.int62)

.reset     0    0000fffe    00000002     
                  0000fffe    00000002     rts430xl.lib : boot.obj (.reset)

.text.2    0    00020000    00008c14     
                  00020000    000000d4     LNKBLK.obj (.text:ucLNKBLK_AddLink)
                  000200d4    000000d2     comm_opmode.obj (.text:ucComm_incLnkBrkCntAndChkForDeadOM2)
                  000201a6    000000d0     SD_Card.obj (.text:SD_Write_Block)
                  00020276    000000d0     LNKBLK.obj (.text:vLNKBLK_zeroEntireLnkBlkTbl)
                  00020346    000000d0     rts.obj (.text:vRTS_scheduleNSTtbl)
                  00020416    000000c8     rts.obj (.text:vRTS_showAllNSTentrys)
                  000204de    000000c6     daytime.obj (.text:cDAYTIME_convertTstrToTstruct)
                  000205a4    000000c6     comm_opmode.obj (.text:ucComm_Send_Command)
                  0002066a    000000c6     comm_utilities.obj (.text:vComm_SynchFreq)
                  00020730    000000c2     SP_I2C.obj (.text:ucSP_SetHID)
                  000207f2    000000c0     L2Sram.obj (.text:ucL2SRAM_Delete_CMD)
                  000208b2    000000be     comm_utilities.obj (.text:ucComm_doSubSecXmit)
                  00020970    000000be     serial.obj (.text:ucSerial_Wait_for_Ack)
                  00020a2e    000000bc     fram.obj (.text:ucFRAM_read_B32)
                  00020aea    000000bc     task_manager.obj (.text:ucTask_CheckComp)
                  00020ba6    000000bc     task_dispatch.obj (.text:vTask_SCC_EndSlot)
                  00020c62    000000ba     L2Sram.obj (.text:ucL2SRAM_LoadCmdIfExists)
                  00020d1c    000000ba     comm_discovery.obj (.text:vComm_Msg_buildRequest_to_Join)
                  00020dd6    000000b8     SP_I2C.obj (.text:ucSP_Init)
                  00020e8e    000000b6     rts430xl.lib : fs_mpy.obj (.text)
                  00020f44    000000b6     L2fram.obj (.text:vL2FRAM_stuffTSB)
                  00020ffa    000000b4     rts.obj (.text:vRTS_putNSTSubSlotentry)
                  000210ae    000000b4     task_dispatch.obj (.text:vTask_Batt_Sense)
                  00021162    000000b2     L2fram.obj (.text:vL2FRAM_putTSBEntryVal)
                  00021214    000000b0     SD_Card.obj (.text:SD_Read_Block)
                  000212c4    000000ae     serial.obj (.text:vSERIAL_FormatStrout)
                  00021372    000000ac     L2fram.obj (.text:ulL2FRAM_getTSBEntryVal)
                  0002141e    000000aa     rts.obj (.text:ucRTS_getNSTSubSlotentry)
                  000214c8    000000aa     MODOPT.obj (.text:vMODOPT_showSingleRamOptionBit)
                  00021572    000000a8     fulldiag.obj (.text:ucFULLDIAG_SENSOR_0)
                  0002161a    000000a8     fulldiag.obj (.text:ucFULLDIAG_SENSOR_1)
                  000216c2    000000a8     MODACT.obj (.text:vMODACT_silentChangeInterval)
                  0002176a    000000a6     report.obj (.text:vReport_LogDataElement)
                  00021810    000000a4     comm_routing.obj (.text:ucRoute_RemoveEdge)
                  000218b4    000000a2     SP_I2C.obj (.text:vSP_DetachBoard)
                  00021956    000000a0     key.obj (.text:vKEY_setDate)
                  000219f6    0000009e     rts430xl.lib : trgdrv.obj (.text:HOSTlseek)
                  00021a94    0000009e     LNKBLK.obj (.text:ucLNKBLK_fillLnkBlkFromMultipleLnkReq)
                  00021b32    0000009e     L2Sram.obj (.text:vL2SRAM_putPickTblEntry)
                  00021bd0    0000009c     scc.obj (.text:ucSCC_WaitForMessage)
                  00021c6c    0000009c     daytime.obj (.text:vDAYTIME_convertDstructToShow)
                  00021d08    0000009c     rts.obj (.text:vRTS_getNSTentry)
                  00021da4    0000009c     task_manager.obj (.text:vTask_OrphanChildren)
                  00021e40    0000009a     comm_routing.obj (.text:vRoute_SetUpdates)
                  00021eda    00000098     scc.obj (.text:ucSCC_SendCommand)
                  00021f72    00000098     buz.obj (.text:vBUZ)
                  0002200a    00000096     SP_I2C.obj (.text:ucSP_Request_TransducerLabel)
                  000220a0    00000096     L2Sram.obj (.text:ulL2SRAM_getPickTblEntry)
                  00022136    00000094     serial.obj (.text:lSERIAL_AsciiToNumber)
                  000221ca    00000092     L2fram.obj (.text:uiL2FRAM_chk_for_fram_format)
                  0002225c    00000092     MODACT.obj (.text:vMODACT_showAllPossibleActions)
                  000222ee    00000090     fulldiag.obj (.text:ucFULLDIAG_RADIO_1)
                  0002237e    00000090     SP_I2C.obj (.text:ucSP_SendCommand)
                  0002240e    00000090     main.obj (.text:vMain_LogRestart)
                  0002249e    0000008e     serial.obj (.text:lSERIAL_AsciiToNum)
                  0002252c    0000008e     rts430xl.lib : fs_div.obj (.text)
                  000225ba    0000008c     adf7020.obj (.text:vADF7020_TXRXSwitch)
                  00022646    0000008a     key.obj (.text:ucKEY_doKeyboardCmdInput)
                  000226d0    0000008a     serial.obj (.text:ucSERIAL_getEditedInput)
                  0002275a    0000008a     SP_I2C.obj (.text:ucSP_Request_SensorTypes)
                  000227e4    0000008a     time.obj (.text:vTIME_init)
                  0002286e    00000088     comm_opmode.obj (.text:vComm_SendRTR)
                  000228f6    00000088     comm_routing.obj (.text:vRouteClrFlaggedUpdates)
                  0002297e    00000086     scc.obj (.text:ucSCC_SendInterrogate)
                  00022a04    00000086     rand.obj (.text:uslRAND_getNewSeed)
                  00022a8a    00000086     config.obj (.text:vConfig_InitializePorts)
                  00022b10    00000086     rts.obj (.text:vRTS_schedule_all_slots)
                  00022b96    00000084     flash_mcu.obj (.text:vFlash_Write_Segment)
                  00022c1a    00000082     rts430xl.lib : autoinit_wdt.obj (.text:_auto_init_hold_wdt)
                  00022c9c    00000082     scc.obj (.text:ucSCC_RequestData)
                  00022d1e    00000082     L2fram.obj (.text:vL2FRAM_showYtriggerTbl)
                  00022da0    00000082     L2Sram.obj (.text:vL2SRAM_FormatCmd_Q)
                  00022e22    00000082     rts.obj (.text:vRTS_clrNSTtbl)
                  00022ea4    00000082     task_manager.obj (.text:vTask_ComputeSysLFactor)
                  00022f26    00000080     task_dispatch.obj (.text:vTask_MCUTemp)
                  00022fa6    0000007e     comm_opmode.obj (.text:vComm_Receive_Data)
                  00023024    0000007e     gs.obj (.text:vGS_SynchGardenServer)
                  000230a2    0000007e     key.obj (.text:vKEY_setTime)
                  00023120    0000007e     MODACT.obj (.text:vMODACT_showChangeableSenseActTrigs)
                  0002319e    0000007e     task_dispatch.obj (.text:vTask_RuntimeRadioDiag)
                  0002321c    0000007c     SP_I2C.obj (.text:ucSP_DisplaySingleLabel)
                  00023298    0000007c     SP_I2C.obj (.text:ucSP_SendInterrogate)
                  00023314    0000007a     adf7020.obj (.text:vADF7020_RunTimeDiagnostic)
                  0002338e    0000007a     comm_opmode.obj (.text:vComm_SendAck)
                  00023408    00000078     comm_discovery.obj (.text:ucComm_WaitFor_Beacon)
                  00023480    00000078     PMM.obj (.text:ucPMM_chkLowVoltage)
                  000234f8    00000078     SP_I2C.obj (.text:ucSP_RequestData)
                  00023570    00000078     SP_I2C.obj (.text:ucSP_SetActiveBoard)
                  000235e8    00000078     SP_I2C.obj (.text:vSP_TurnOn)
                  00023660    00000078     task_manager.obj (.text:vTask_ClearDynSector)
                  000236d8    00000076     key.obj (.text:vKEY_ResetSDLogging)
                  0002374e    00000076     serial.obj (.text:vSERIAL_B2D_Str)
                  000237c4    00000076     task_manager.obj (.text:vTask_showTaskName)
                  0002383a    00000074     rts430xl.lib : trgdrv.obj (.text:HOSTrename)
                  000238ae    00000074     key.obj (.text:vKEY_SetWiSARDNet_ID)
                  00023922    00000074     comm_utilities.obj (.text:vMSG_showStorageErr)
                  00023996    00000074     NUMCMD.obj (.text:vNUMCMD_showCmdList)
                  00023a0a    00000074     spi.obj (.text:vSPI_Init)
                  00023a7e    00000072     SD_Card.obj (.text:SD_Erase_Block)
                  00023af0    00000072     crc.obj (.text:ucCRC16_compute_msg_CRC)
                  00023b62    00000072     LNKBLK.obj (.text:ucLNKBLK_RemoveNode)
                  00023bd4    00000072     LNKBLK.obj (.text:ucLNKBLK_computeMultipleLnkReqFromSysLoad)
                  00023c46    00000070     fram.obj (.text:ucFRAM_write_B32)
                  00023cb6    00000070     misc.obj (.text:ucMISC_sleep_until_button_or_clk)
                  00023d26    00000070     comm_discovery.obj (.text:vComm_Msg_buildBeacon)
                  00023d96    00000070     MODACT.obj (.text:vMODACT_addAction)
                  00023e06    00000070     MODACT.obj (.text:vMODACT_modifyYtrigger)
                  00023e76    00000070     serial.obj (.text:vSERIAL_bout)
                  00023ee6    0000006e     rts430xl.lib : trgdrv.obj (.text:HOSTopen)
                  00023f54    0000006e     flash_mcu.obj (.text:vFlash_Read_Segment)
                  00023fc2    0000006e     MODOPT.obj (.text:vMODOPT_showAllRomOptionTblNames)
                  00024030    0000006e     rts.obj (.text:vRTS_convertAllRTJslotsToSleep)
                  0002409e    0000006e     report.obj (.text:vReport_EraseCrisisLog)
                  0002410c    0000006c     SD_Card.obj (.text:SD_Format)
                  00024178    0000006c     fram.obj (.text:vFRAM_ReportAccessViolation)
                  000241e4    0000006c     rts.obj (.text:vRTS_CreateRadioDiagTask)
                  00024250    0000006c     task_manager.obj (.text:vUpdateTskIdx)
                  000242bc    0000006a     rts430xl.lib : trgdrv.obj (.text:HOSTwrite)
                  00024326    0000006a     NUMCMD.obj (.text:cNUMCMD_getCmdNum)
                  00024390    0000006a     daytime.obj (.text:lDAYTIME_convertDstructToSec)
                  000243fa    0000006a     fram.obj (.text:ucFRAM_chk_fram_blk)
                  00024464    0000006a     serial.obj (.text:ucSERIAL_Wait_for_Message)
                  000244ce    0000006a     comm_routing.obj (.text:uiRoute_GetNextHop)
                  00024538    0000006a     comm_opmode.obj (.text:vComm_SetChannel)
                  000245a2    0000006a     L2Sram.obj (.text:vL2SRAM_init)
                  0002460c    0000006a     rand.obj (.text:vRAND_getNextNum)
                  00024676    0000006a     rts.obj (.text:vRTS_schedule_downcount_slot)
                  000246e0    00000068     rts430xl.lib : trgdrv.obj (.text:HOSTread)
                  00024748    00000068     SP_I2C.obj (.text:ucSP_ChkMsgIntegrity)
                  000247b0    00000068     key.obj (.text:vKEY_uploadDataToPC)
                  00024818    00000068     rts.obj (.text:vRTS_schedule_ASAP)
                  00024880    00000066     fram.obj (.text:ucFRAM_bout)
                  000248e6    00000066     task_manager.obj (.text:ucTask_GetCmdParam)
                  0002494c    00000066     scc.obj (.text:vSCC_Init)
                  000249b2    00000064     comm_routing.obj (.text:ucRoute_AddEdge)
                  00024a16    00000064     task_manager.obj (.text:ucTask_SetCmdParam)
                  00024a7a    00000064     adf7020.obj (.text:unADF7020_StartTransmission)
                  00024ade    00000064     fram.obj (.text:vFRAM_show_fram)
                  00024b42    00000062     time.obj (.text:vTIME_showTime)
                  00024ba4    00000060     L2fram.obj (.text:ucL2FRAM_WriteReportToSDCardBuff)
                  00024c04    00000060     L2Sram.obj (.text:vL2SRAM_storeMsgToSram)
                  00024c64    00000060     MODOPT.obj (.text:vMODOPT_cmdSetRole)
                  00024cc4    00000060     MODOPT.obj (.text:vMODOPT_showAllRamOptionBits)
                  00024d24    00000060     rts.obj (.text:vRTS_SetEmptySlotstoSleep)
                  00024d84    0000005e     task_dispatch.obj (.text:ucTask_VerifyChangeableCommand)
                  00024de2    0000005e     task_manager.obj (.text:uiTask_countSOM2andROM2entrys)
                  00024e40    0000005e     time.obj (.text:vTIME_setAlarmFromLong)
                  00024e9e    0000005c     LNKBLK.obj (.text:ucLNKBLK_FindLinkTime)
                  00024efa    0000005c     key.obj (.text:vKEY_showTables)
                  00024f56    0000005c     NUMCMD.obj (.text:vNUMCMD_showCmdName)
                  00024fb2    0000005a     comm_utilities.obj (.text:ucComm_waitForMsgOrTimeout)
                  0002500c    0000005a     SP_I2C.obj (.text:ucSP_WaitForMessage)
                  00025066    00000058     rts430xl.lib : div32u.obj (.text)
                  000250be    00000058     gid.obj (.text:ucGID_compareOnlySysGidToBytes)
                  00025116    00000058     gid.obj (.text:ucGID_compareOnlySysGrpSelectToBytes)
                  0002516e    00000058     L2Sram.obj (.text:ucL2SRAM_IsCmdQueueFormatted)
                  000251c6    00000058     L2fram.obj (.text:vL2FRAM_SDCardOvrflowToBuff)
                  0002521e    00000056     sram.obj (.text:ulSRAM_read_B32)
                  00025274    00000056     adf7020.obj (.text:unADF7020_Read_Readback_Register)
                  000252ca    00000056     misc.obj (.text:vMISC_copyGenericIntoBytes)
                  00025320    00000056     pick.obj (.text:vPICK_initSSPtbls)
                  00025376    00000056     pick.obj (.text:vPICK_putSSP_tblEntry)
                  000253cc    00000056     serial.obj (.text:vSERIAL_init)
                  00025422    00000054     fram.obj (.text:ucFRAM_read_B16)
                  00025476    00000054     L2Sram.obj (.text:ulL2SRAM_AddNode_toQueue)
                  000254ca    00000054     adf7020.obj (.text:uslADF7020_GetRandomNoise)
                  0002551e    00000054     adf7020.obj (.text:vADF7020_WriteRegister)
                  00025572    00000054     adf7020.obj (.text:vADF7020_Write_Readback_Register)
                  000255c6    00000052     adf7020.obj (.text:ucADF7020_SampleRSSI)
                  00025618    00000052     L2fram.obj (.text:vL2FRAM_WriteNFL_SDCardBuff)
                  0002566a    00000052     NUMCMD.obj (.text:vNUMCMD_doCmdInputAndDispatch)
                  000256bc    00000050     comm_opmode.obj (.text:ucComm_WaitForAck)
                  0002570c    00000050     rts.obj (.text:ucRTS_CheckforConflict)
                  0002575c    00000050     adf7020.obj (.text:unADF7020_SetChannel)
                  000257ac    0000004e     gs.obj (.text:vGS_SendRTS)
                  000257fa    0000004e     comm_routing.obj (.text:vRoute_DisplayEdges)
                  00025848    0000004c     rts430xl.lib : trgdrv.obj (.text:HOSTclose)
                  00025894    0000004c     adf7020.obj (.text:ucADF7020_GetGMC)
                  000258e0    0000004c     fram.obj (.text:ucFRAM_bin)
                  0002592c    0000004c     spi.obj (.text:ucSPI_IO_Transaction)
                  00025978    0000004c     flash_mcu.obj (.text:vFlash_SetHID)
                  000259c4    0000004c     MODACT.obj (.text:vMODACT_modifyActionTbl)
                  00025a10    0000004c     SP_I2C.obj (.text:vSP_TurnOff)
                  00025a5c    0000004a     rts430xl.lib : fs_cmp.obj (.text)
                  00025aa6    0000004a     LNKBLK.obj (.text:ucLNKBLK_AnyGoodLinks)
                  00025af0    0000004a     misc.obj (.text:ulMISC_buildGenericFromBytes)
                  00025b3a    0000004a     delay.obj (.text:vDELAY_LPMWait1us)
                  00025b84    0000004a     serial.obj (.text:vSERIAL_generic_IVout)
                  00025bce    00000048     fulldiag.obj (.text:ucFULLDIAG_exit_next_repeat)
                  00025c16    00000048     LNKBLK.obj (.text:ucLNKBLK_ReadSingleLnkBlkEntry)
                  00025c5e    00000048     time.obj (.text:ucTime_SetSubslotAlarm)
                  00025ca6    00000048     pick.obj (.text:ulPICK_getSSP_tblEntry)
                  00025cee    00000048     key.obj (.text:vKEY_IDchange)
                  00025d36    00000048     MODOPT.obj (.text:vMODOPT_showCurRole)
                  00025d7e    00000048     SP_I2C.obj (.text:vSP_SetRole)
                  00025dc6    00000048     sram.obj (.text:vSRAM_write_B32)
                  00025e0e    00000046     rts430xl.lib : trgdrv.obj (.text:HOSTunlink)
                  00025e54    00000046     LNKBLK.obj (.text:ucLNKBLK_FetchNumofLinkTimes)
                  00025e9a    00000046     LNKBLK.obj (.text:ucLNKBLK_writeSingleLnkBlkEntry)
                  00025ee0    00000046     L2Sram.obj (.text:vL2SRAM_GetCmdAddrs)
                  00025f26    00000046     task_manager.obj (.text:vTask_CleanTaskList)
                  00025f6c    00000044     comm_routing.obj (.text:ucRoute_Init)
                  00025fb0    00000044     comm_routing.obj (.text:ucRoute_NodeJoin)
                  00025ff4    00000044     time.obj (.text:ucTimeCheckForAlarms)
                  00026038    00000044     L2fram.obj (.text:uiL2FRAM_ReadNFL_SDCardBuff)
                  0002607c    00000044     serial.obj (.text:uiSERIAL_timedBin)
                  000260c0    00000044     buz.obj (.text:vBUZ_play_tune)
                  00026104    00000044     L2Sram.obj (.text:vL2SRAM_incQptr)
                  00026148    00000044     SP_I2C.obj (.text:vSP_GetSPMsgVersions)
                  0002618c    00000044     ucs.obj (.text:vUCS_InitializeClock)
                  000261d0    00000042     fram.obj (.text:ucFRAM_write_B16)
                  00026212    00000042     LNKBLK.obj (.text:ucLNKBLK_FindEmptyBlk)
                  00026254    00000042     flash_mcu.obj (.text:vFlash_GetHID)
                  00026296    00000040     rts430xl.lib : div32s.obj (.text)
                  000262d6    00000040     adf7020.obj (.text:ucADF7020_ChkforRadio)
                  00026316    00000040     LNKBLK.obj (.text:ucLNKBLK_GetLinkIndex)
                  00026356    00000040     LNKBLK.obj (.text:ucLNKBLK_ReadLnkState)
                  00026396    00000040     SP_I2C.obj (.text:ucSP_TXStartCondition)
                  000263d6    00000040     task_manager.obj (.text:ucTask_RemoveProcessor)
                  00026416    00000040     adf7020.obj (.text:unADF7020_ReadRXBuffer)
                  00026456    00000040     MODOPT.obj (.text:vMODOPT_cmdClrOption)
                  00026496    00000040     MODOPT.obj (.text:vMODOPT_cmdSetOption)
                  000264d6    00000040     MODOPT.obj (.text:vMODOPT_copyAllRomOptionsToFramOptions)
                  00026516    00000040     serial.obj (.text:vSERIAL_HBV32out)
                  00026556    0000003e     daytime.obj (.text:lDAYTIME_convertTstructToSec)
                  00026594    0000003e     rts430xl.lib : asr32.obj (.text:l_asr_const)
                  000265d2    0000003e                  : lsl32.obj (.text:l_lsl_const)
                  00026610    0000003e                  : lsr32.obj (.text:l_lsr_const)
                  0002664e    0000003e     L2fram.obj (.text:ucL2FRAM_findTSB_SN)
                  0002668c    0000003e     LNKBLK.obj (.text:ucLNKBLK_ReadRand)
                  000266ca    0000003e     LNKBLK.obj (.text:ucLNKBLK_WriteLnkState)
                  00026708    0000003e     report.obj (.text:ucReport_ReadDEFromRAM)
                  00026746    0000003e     comm_utilities.obj (.text:vComm_DE_BuildReportHdr)
                  00026784    0000003e     L2fram.obj (.text:vL2FRAM_ReadSDCardBuffer)
                  000267c2    0000003e     SD_Card.obj (.text:vSD_Card_GetR1b)
                  00026800    0000003e     SP_I2C.obj (.text:vSP_DisplayName)
                  0002683e    0000003e     task_dispatch.obj (.text:vTask_showBattReading)
                  0002687c    0000003c     LNKBLK.obj (.text:ucLNKBLK_CheckLinkConflict)
                  000268b8    0000003c     LNKBLK.obj (.text:ucLNKBLK_WriteRand)
                  000268f4    0000003c     LNKBLK.obj (.text:ucLNKBLK_clrSingleLnkBlk)
                  00026930    0000003c     serial.obj (.text:ucSerial_AsciiToByte)
                  0002696c    0000003c     task_manager.obj (.text:ucTask_FetchTaskIndex)
                  000269a8    0000003c     L2Sram.obj (.text:ulL2SRAM_CheckForNode)
                  000269e4    0000003c     MODOPT.obj (.text:vMODOPT_showOptionColHeader)
                  00026a20    0000003c     serial.obj (.text:vSERIAL_printDashIntro)
                  00026a5c    0000003a     L2Sram.obj (.text:ucL2SRAM_getCopyOfCurMsg)
                  00026a96    0000003a     rts.obj (.text:ucRTS_isSlotEmpty)
                  00026ad0    0000003a     crc.obj (.text:vCRC16_updateNibble)
                  00026b0a    0000003a     daytime.obj (.text:vDAYTIME_convertSysTimeToShowDateAndTime)
                  00026b44    0000003a     daytime.obj (.text:vDAYTIME_convertTstructToShow)
                  00026b7e    0000003a     serial.obj (.text:vSERIAL_padded_sout)
                  00026bb8    0000003a     sram.obj (.text:vSRAM_write_B8)
                  00026bf2    00000038     LNKBLK.obj (.text:ucLNKBLK_ReadFlags)
                  00026c2a    00000038     LNKBLK.obj (.text:ucLNKBLK_ReadMsdMsgCount)
                  00026c62    00000038     LNKBLK.obj (.text:ucLNKBLK_ReadPriority)
                  00026c9a    00000038     rts.obj (.text:ucRTS_CheckNSTSlotforEntry)
                  00026cd2    00000038     task_manager.obj (.text:ucTask_SearchforLink)
                  00026d0a    00000038     comm_utilities.obj (.text:vComm_showSNmismatch)
                  00026d42    00000036     SD_Card.obj (.text:SD_Card_WaitBusy)
                  00026d78    00000036     rts430xl.lib : trgmsg.obj (.text:__TI_writemsg)
                  00026dae    00000036     LNKBLK.obj (.text:ucLNKBLK_ClearFlag)
                  00026de4    00000036     LNKBLK.obj (.text:ucLNKBLK_SetFlag)
                  00026e1a    00000036     LNKBLK.obj (.text:ucLNKBLK_WriteLnkReq)
                  00026e50    00000036     LNKBLK.obj (.text:ucLNKBLK_WriteMsdMsgCount)
                  00026e86    00000036     LNKBLK.obj (.text:ucLNKBLK_WritePriority)
                  00026ebc    00000036     LNKBLK.obj (.text:ucLNKBLK_WriteRSSI)
                  00026ef2    00000036     serial.obj (.text:ucSERIAL_confirm)
                  00026f28    00000036     MODOPT.obj (.text:vMODOPT_writeSingleFramOptionBit)
                  00026f5e    00000036     SP_I2C.obj (.text:vSP_Command_SensorTypes)
                  00026f94    00000036     SP_I2C.obj (.text:vSP_SendMessage)
                  00026fca    00000034     usci_A0_uart.obj (.text:ucUSCI_A0_UART_ReadBuffer)
                  00026ffe    00000034     adf7020.obj (.text:unADF7020_LoadTXBuffer)
                  00027032    00000034     fram.obj (.text:vFRAM_fillFramBlk)
                  00027066    00000034     key.obj (.text:vKey_CrisisLog)
                  0002709a    00000034     serial.obj (.text:vSERIAL_I16out)
                  000270ce    00000032     rts430xl.lib : trgmsg.obj (.text:__TI_readmsg)
                  00027100    00000032     L2fram.obj (.text:ucL2FRAM_getTSBTblCount)
                  00027132    00000032     L2fram.obj (.text:vL2FRAM_CleanSDCardBuff)
                  00027164    00000032     L2fram.obj (.text:vL2FRAM_Init_SDCardPtrs)
                  00027196    00000032     serial.obj (.text:vSERIAL_IV16out)
                  000271c8    00000032     time.obj (.text:vTIME_setSysTimeFromLong)
                  000271fa    00000032     time.obj (.text:vTime_SetLinkSlotAlarm)
                  0002722c    00000032     usci_A0_uart.obj (.text:vUSCI_A0_UART_init)
                  0002725e    00000030     L2fram.obj (.text:ucL2FRAM_GetOptionByte)
                  0002728e    00000030     L2fram.obj (.text:ucL2FRAM_SetOptionByte)
                  000272be    00000030     SP_I2C.obj (.text:ucSP_GetHID)
                  000272ee    00000030     sram.obj (.text:ucSRAM_read_B8)
                  0002731e    00000030     L2fram.obj (.text:uiL2FRAM_getYtriggerVal)
                  0002734e    00000030     L2fram.obj (.text:vL2FRAM_incRebootCount)
                  0002737e    0000002e     scc.obj (.text:ucSCC_GetHID)
                  000273ac    0000002e     adf7020.obj (.text:unADF7020_ClearTXBuffer)
                  000273da    0000002e     rand.obj (.text:uslRAND_getRolledFullForeignSeed)
                  00027408    0000002e     ad.obj (.text:vAD_setup_analog_bits)
                  00027436    0000002e     misc.obj (.text:vMISC_blinkLED)
                  00027464    0000002e     MODOPT.obj (.text:vMODOPT_cmdModifyOptionTbls)
                  00027492    0000002e     spi.obj (.text:vSPI_RX_Bytes)
                  000274c0    0000002c     rts430xl.lib : div16s.obj (.text)
                  000274ec    0000002c     fram.obj (.text:ucFRAM_read_B8)
                  00027518    0000002c     fram.obj (.text:ucFRAM_write_B8)
                  00027544    0000002c     SP_I2C.obj (.text:ucSP_GrabMessageFromBuffer)
                  00027570    0000002c     ad.obj (.text:uiAD_CalibrateTemp)
                  0002759c    0000002c     L2fram.obj (.text:ulL2FRAM_getSavedTime)
                  000275c8    0000002c     adf7020.obj (.text:unADF7020_ClearRXBuffer)
                  000275f4    0000002c     comm_discovery.obj (.text:vCommSetDiscMode)
                  00027620    0000002c     key.obj (.text:vKEY_restoreFRAM)
                  0002764c    0000002c     L2fram.obj (.text:vL2FRAM_IncrementSDCardBlockNum)
                  00027678    0000002c     L2fram.obj (.text:vL2FRAM_putYtriggerVal)
                  000276a4    0000002c     L2Sram.obj (.text:vL2SRAM_FetchCommand)
                  000276d0    0000002c     comm_routing.obj (.text:vRouteClrAllUpdates)
                  000276fc    0000002c     serial.obj (.text:vSERIAL_IV8out)
                  00027728    0000002c     serial.obj (.text:vSERIAL_UI8out)
                  00027754    0000002a     adf7020.obj (.text:iADF7020_RequestRSSI)
                  0002777e    0000002a     rts430xl.lib : memcpy.obj (.text:memcpy)
                  000277a8    0000002a     L2fram.obj (.text:ucL2FRAM_findTSB)
                  000277d2    0000002a     comm_routing.obj (.text:ucRoute_GetUpdateCountBytes)
                  000277fc    0000002a     L2fram.obj (.text:ulL2FRAM_GetSDCardBlockNum)
                  00027826    0000002a     key.obj (.text:vKEY_showFlashMsgCounts)
                  00027850    0000002a     MODACT.obj (.text:vMODACT_silentChangeYtrigger)
                  0002787a    0000002a     MODOPT.obj (.text:vMODOPT_writeSingleRamOptionBit)
                  000278a4    0000002a     MODSTORE.obj (.text:vMODSTORE_modifyStorageTbls)
                  000278ce    0000002a     serial.obj (.text:vSERIAL_IV32out)
                  000278f8    0000002a     serial.obj (.text:vSERIAL_UI16out)
                  00027922    0000002a     serial.obj (.text:vSERIAL_UI32out)
                  0002794c    0000002a     serial.obj (.text:vSERIAL_UIV8out)
                  00027976    0000002a     spi.obj (.text:vSPI_TXBytes)
                  000279a0    00000028     L2fram.obj (.text:ucL2FRAM_GetReportingPriority)
                  000279c8    00000028     task_manager.obj (.text:uiTask_GetUniqueID)
                  000279f0    00000028     ad.obj (.text:vAD_clearout_analog_bits)
                  00027a18    00000028     ad.obj (.text:vAD_init)
                  00027a40    00000028     fulldiag.obj (.text:vFULLDIAG_test_radio_discovery)
                  00027a68    00000028     fulldiag.obj (.text:vFULLDIAG_test_radio_opmode)
                  00027a90    00000028     L2fram.obj (.text:vL2FRAM_stuffSavedTime)
                  00027ab8    00000028     serial.obj (.text:vSERIAL_UI8_2char_out)
                  00027ae0    00000028     serial.obj (.text:vSERIAL_UIV16out)
                  00027b08    00000028     serial.obj (.text:vSERIAL_UIV32out)
                  00027b30    00000026     MODOPT.obj (.text:ucMODOPT_readSingleRamOptionBit)
                  00027b56    00000026     ad.obj (.text:uiAD_full_init_setup_read_and_shutdown)
                  00027b7c    00000026     adf7020.obj (.text:vADF7020_SendMsg)
                  00027ba2    00000026     comm_opmode.obj (.text:vComm_zroMissedMsgCnt)
                  00027bc8    00000026     fulldiag.obj (.text:vFULLDIAG_test_LED)
                  00027bee    00000026     flash_mcu.obj (.text:vFlash_Erase_Segment)
                  00027c14    00000026     key.obj (.text:vKEY_DisplaySDBlockNum)
                  00027c3a    00000026     L2fram.obj (.text:vL2FRAM_SetSDCardBlockNum)
                  00027c60    00000026     rts.obj (.text:vRTS_runScheduler)
                  00027c86    00000026     SD_Card.obj (.text:vSD_Card_GetR1)
                  00027cac    00000024     SD_Card_Testing.obj (.text:SD_Testing_FillInc)
                  00027cd0    00000024     L2fram.obj (.text:ucL2FRAM_GetStateOnShutdown)
                  00027cf4    00000024     L2fram.obj (.text:ucL2FRAM_getNextFreeTSB)
                  00027d18    00000024     L2fram.obj (.text:uiL2FRAM_getSnumLo16AsUint)
                  00027d3c    00000024     serial.obj (.text:ulSERIAL_UI32in)
                  00027d60    00000024     daytime.obj (.text:vDAYTIME_convertDstructAndTstructToSetSysTime)
                  00027d84    00000024     L2fram.obj (.text:vL2FRAM_SetReportingPriority)
                  00027da8    00000024     L2fram.obj (.text:vL2FRAM_SetStateOnShutdown)
                  00027dcc    00000024     L2fram.obj (.text:vL2FRAM_setSysID)
                  00027df0    00000024     L2fram.obj (.text:vL2FRAM_setTSBTblCount)
                  00027e14    00000024     LNKBLK.obj (.text:vLNKBLK_showLnkReq)
                  00027e38    00000024     serial.obj (.text:vSERIAL_colTab)
                  00027e5c    00000022     rts430xl.lib : mult32_f5hw.obj (.text)
                  00027e7e    00000022     MODACT.obj (.text:ucMODACT_isChangeableAction)
                  00027ea0    00000022     ad.obj (.text:uiAD_read)
                  00027ec2    00000022     button.obj (.text:vBUTTON_init)
                  00027ee4    00000022     comm_utilities.obj (.text:vComm_Msg_buildOperational)
                  00027f06    00000022     MODOPT.obj (.text:vMODOPT_copyAllFramOptionsToRamOptions)
                  00027f28    00000022     report.obj (.text:vReport_RAM_QueueInit)
                  00027f4a    00000022     serial.obj (.text:vSERIAL_HB24out)
                  00027f6c    00000022     SP_I2C.obj (.text:vSP_ShutdownComm)
                  00027f8e    00000020     rts430xl.lib : memset.obj (.text:memset)
                  00027fae    00000020     MODOPT.obj (.text:ucMODOPT_readFramOptionByte)
                  00027fce    00000020     comm_routing.obj (.text:ucRoute_GetUpdateCount)
                  00027fee    00000020     L2fram.obj (.text:uiL2FRAM_get_version_num)
                  0002800e    00000020     adf7020.obj (.text:vADF7020_WakeUp)
                  0002802e    00000020     ad.obj (.text:vAD_select_chan)
                  0002804e    00000020     comm_discovery.obj (.text:vCommGetDiscMode)
                  0002806e    00000020     daytime.obj (.text:vDAYTIME_convertSecToShow)
                  0002808e    00000020     L2Sram.obj (.text:vL2SRAM_UpdateTotalCmds)
                  000280ae    00000020     main.obj (.text:vMAIN_showVersionNum)
                  000280ce    00000020     MODSTORE.obj (.text:vMODSTORE_windbackFlashPtrs)
                  000280ee    00000020     SP_I2C.obj (.text:vSP_FetchSPName)
                  0002810e    00000020     task_manager.obj (.text:vTask_ShowAllTasks)
                  0002812e    0000001e     sram.obj (.text:uiSRAM_read_B16)
                  0002814c    0000001e     MODOPT.obj (.text:vMODOPT_cmdSilentClrOption)
                  0002816a    0000001e     MODOPT.obj (.text:vMODOPT_cmdSilentSetOption)
                  00028188    0000001e     serial.obj (.text:vSERIAL_ReadBuffer)
                  000281a6    0000001e     serial.obj (.text:vSERIAL_quit)
                  000281c4    0000001c     scc.obj (.text:ucSCC_GrabMessageFromBuffer)
                  000281e0    0000001c     rand.obj (.text:uslRAND_getFullSysSeed)
                  000281fc    0000001c     button.obj (.text:vBUTTON_ClrOnlyButtonCount)
                  00028218    0000001c     L2fram.obj (.text:vL2FRAM_copySnumLo16ToBytes)
                  00028234    0000001c     rts.obj (.text:vRTS_schedule_Scheduler_slot)
                  00028250    0000001c     serial.obj (.text:vSERIAL_sout)
                  0002826c    0000001c     time.obj (.text:vTIME_setSubSecFromUint)
                  00028288    0000001c     time.obj (.text:vTime_LatencyTimer)
                  000282a4    0000001c     usci_A0_uart.obj (.text:vUSCI_A0_UART_CleanBuff)
                  000282c0    0000001a     rts430xl.lib : mult1632_f5hw.obj (.text:__mpyul)
                  000282da    0000001a     serial.obj (.text:ucSERIAL_kbhit)
                  000282f4    0000001a     task_manager.obj (.text:ucTask_FetchAllSPTasks)
                  0002830e    0000001a     adf7020.obj (.text:vADF7020_StartReceiver)
                  00028328    0000001a     gid.obj (.text:vGID_init)
                  00028342    0000001a     L2Sram.obj (.text:vL2SRAM_storeMsgToSramIfAllowed)
                  0002835c    0000001a     MODOPT.obj (.text:vMODOPT_cmdShowOptions)
                  00028376    0000001a     SD_Card.obj (.text:vSD_PowerOn)
                  00028390    0000001a     serial.obj (.text:vSERIAL_repeatChar)
                  000283aa    0000001a     spi.obj (.text:vSPI_CleanBuff)
                  000283c4    00000018     MODOPT.obj (.text:ucMODOPT_isRelay)
                  000283dc    00000018     SP_I2C.obj (.text:ucSP_IsAttached)
                  000283f4    00000018     L2fram.obj (.text:ulL2FRAM_GetLastSDCardBlockNum)
                  0002840c    00000018     crc.obj (.text:vCRC16_updateByte)
                  00028424    00000018     report.obj (.text:vReport_RemoveDEFromRAM)
                  0002843c    00000018     serial.obj (.text:vSERIAL_HB16out)
                  00028454    00000018     serial.obj (.text:vSERIAL_HB4out)
                  0002846c    00000018     serial.obj (.text:vSERIAL_HB8out)
                  00028484    00000018     sram.obj (.text:vSRAM_write_B16)
                  0002849c    00000016     SD_Card_Testing.obj (.text:SD_Testing_Fill)
                  000284b2    00000016     rts430xl.lib : div16u.obj (.text)
                  000284c8    00000016                  : mult16_f5hw.obj (.text)
                  000284de    00000016     adf7020.obj (.text:vADF7020_Quit)
                  000284f4    00000016     comm_utilities.obj (.text:vComm_NetPkg_buildHdr)
                  0002850a    00000016     fram.obj (.text:vFRAM_init)
                  00028520    00000016     fram.obj (.text:vFRAM_send_WE_cmd)
                  00028536    00000016     key.obj (.text:vKEY_showHelp)
                  0002854c    00000016     MODOPT.obj (.text:vMODOPT_cmdSilentSetRole)
                  00028562    00000016     MODOPT.obj (.text:vMODOPT_writeBothFramAndRamBit)
                  00028578    00000016     serial.obj (.text:vSERIAL_CleanBuffer)
                  0002858e    00000016     spi.obj (.text:vSPI_Quit)
                  000285a4    00000016     task_dispatch.obj (.text:vTask_Reset)
                  000285ba    00000014     time.obj (.text:lTIME_getSlotNumFromTime)
                  000285ce    00000014     L2fram.obj (.text:ucL2FRAM_isHub)
                  000285e2    00000014     serial.obj (.text:ucSERIAL_isnum)
                  000285f6    00000014     SP_I2C.obj (.text:ucSP_FetchTransSmplDur)
                  0002860a    00000014     SP_I2C.obj (.text:ucSP_FetchTransType)
                  0002861e    00000014     comm_utilities.obj (.text:uiComm_incMsgSeqNum)
                  00028632    00000014     rom.obj (.text:uiROM_getRomConfigSnumAsUint)
                  00028646    00000014     adf7020.obj (.text:unADF7020_ForceRXPacket)
                  0002865a    00000014     key.obj (.text:vKEY_showCrisisHelp)
                  0002866e    00000014     key.obj (.text:vKEY_showIDHelp)
                  00028682    00000014     MODSTORE.obj (.text:vMODSTORE_deleteOldFlashMsgs)
                  00028696    00000014     MODSTORE.obj (.text:vMODSTORE_zeroTheFlash)
                  000286aa    00000014     rand.obj (.text:vRAND_stuffFullSysSeed)
                  000286be    00000014     SD_Card.obj (.text:vSD_PowerOff)
                  000286d2    00000014     serial.obj (.text:vSERIAL_HB32out)
                  000286e6    00000014     serial.obj (.text:vSERIAL_setBinaryMode)
                  000286fa    00000014     SP_I2C.obj (.text:vSP_TurnoffAll)
                  0002870e    00000014     usci_A0_uart.obj (.text:vUSCI_A0_UART_SendBytes)
                  00028722    00000014     usci_A0_uart.obj (.text:vUSCI_A0_UART_quit)
                  00028736    00000012     rts430xl.lib : strcpy.obj (.text:strcpy)
                  00028748    00000012                  : strlen.obj (.text:strlen)
                  0002875a    00000012     L2Sram.obj (.text:ucL2SRAM_Del_current_CMD)
                  0002876c    00000012     scc.obj (.text:ucSCC_SetState)
                  0002877e    00000012     serial.obj (.text:ucSERIAL_toupper)
                  00028790    00000012     time.obj (.text:uiTIME_getSubSecAsUint)
                  000287a2    00000012     ad.obj (.text:vAD_quit)
                  000287b4    00000012     L2Sram.obj (.text:vL2SRAM_delCurMsg)
                  000287c6    00000012     MODACT.obj (.text:vMODACT_showCurTasks)
                  000287d8    00000012     MODOPT.obj (.text:vMODOPT_cmdShowHelp)
                  000287ea    00000012     MODOPT.obj (.text:vMODOPT_showCurIdentity)
                  000287fc    00000012     MODSTORE.obj (.text:vMODSTORE_showHelp)
                  0002880e    00000012     serial.obj (.text:vSERIAL_crlf)
                  00028820    00000012     task_dispatch.obj (.text:vTask_Sleep)
                  00028832    00000012     usci_A0_uart.obj (.text:vUSCI_A0_UART_SendByte)
                  00028844    00000010     time.obj (.text:lTIME_getFrameNumFromTime)
                  00028854    00000010     rts430xl.lib : lsl32.obj (.text:l_lsl)
                  00028864    00000010                  : lsr32.obj (.text:l_lsr)
                  00028874    00000010     scc.obj (.text:ucSCC_GetSampleDuration)
                  00028884    00000010     fram.obj (.text:vFRAM_quit)
                  00028894    00000010     key.obj (.text:vKEY_restartSys)
                  000288a4    00000010     misc.obj (.text:vMISC_copyUlongIntoBytes)
                  000288b4    00000010     MODACT.obj (.text:vMODACT_showHelp)
                  000288c4    00000010     time.obj (.text:vTIME_setClk2FromBytes)
                  000288d4    0000000e     buz.obj (.text:vBUZ_morrie)
                  000288e2    0000000e     buz.obj (.text:vBUZ_raspberry)
                  000288f0    0000000e     buz.obj (.text:vBUZ_raygun_down)
                  000288fe    0000000e     buz.obj (.text:vBUZ_raygun_up)
                  0002890c    0000000e     delay.obj (.text:vDELAY_wait100us)
                  0002891a    0000000e     delay.obj (.text:vDELAY_wait100usTic)
                  00028928    0000000e     L2fram.obj (.text:vL2FRAM_force_fram_unformat)
                  00028936    0000000e     led.obj (.text:vLED_GrnBlink)
                  00028944    0000000e     led.obj (.text:vLED_RedBlink)
                  00028952    0000000e     MODACT.obj (.text:vMODACT_showActionTbls)
                  00028960    0000000e     serial.obj (.text:vSERIAL_showXXXmsg)
                  0002896e    0000000e     time.obj (.text:vTIME_setSysTimeFromClk2)
                  0002897c    0000000c     button.obj (.text:ucBUTTON_isButtonFlgSet)
                  00028988    0000000c     fulldiag.obj (.text:ucFULLDIAG_FLASH_0)
                  00028994    0000000c     L2Sram.obj (.text:ucL2SRAM_GetTotalCmds)
                  000289a0    0000000c     rts.obj (.text:ucRTS_computeNSTfromFrameNum)
                  000289ac    0000000c     scc.obj (.text:ucSCC_IsAttached)
                  000289b8    0000000c     serial.obj (.text:ucSERIAL_bin)
                  000289c4    0000000c     buz.obj (.text:vBUZ_scale_down)
                  000289d0    0000000c     buz.obj (.text:vBUZ_test_successful)
                  000289dc    0000000c     buz.obj (.text:vBUZ_tune_Blip)
                  000289e8    0000000c     buz.obj (.text:vBUZ_tune_TaDah_TaDah)
                  000289f4    0000000c     buz.obj (.text:vBUZ_tune_bad_news_1)
                  00028a00    0000000c     buz.obj (.text:vBUZ_tune_bad_news_2)
                  00028a0c    0000000c     buz.obj (.text:vBUZ_tune_bad_news_3)
                  00028a18    0000000c     buz.obj (.text:vBUZ_tune_imperial)
                  00028a24    0000000c     gid.obj (.text:vGID_setWholeSysGidFromBytes)
                  00028a30    0000000c     gs.obj (.text:vGS_Init)
                  00028a3c    0000000c     MODOPT.obj (.text:vMODOPT_writeFramOptionByte)
                  00028a48    0000000c     serial.obj (.text:vSERIAL_dash)
                  00028a54    0000000c     serial.obj (.text:vSERIAL_spaces)
                  00028a60    0000000a     time.obj (.text:lTIME_getAlarmAsLong)
                  00028a6a    0000000a     time.obj (.text:lTIME_getClk2AsLong)
                  00028a74    0000000a     time.obj (.text:lTIME_getSysTimeAsLong)
                  00028a7e    0000000a     rts430xl.lib : fs_neg.obj (.text)
                  00028a88    0000000a                  : lsl16.obj (.text)
                  00028a92    0000000a                  : lsr16.obj (.text)
                  00028a9c    0000000a     comm_opmode.obj (.text:ucComm_getOM2LinkByteVal)
                  00028aa6    0000000a     gid.obj (.text:ucGID_getSysGrpSelectAsByte)
                  00028ab0    0000000a     L2fram.obj (.text:ucL2FRAM_isReceiver)
                  00028aba    0000000a     L2fram.obj (.text:ucL2FRAM_isSender)
                  00028ac4    0000000a     MODOPT.obj (.text:ucMODOPT_getCurRole)
                  00028ace    0000000a     rand.obj (.text:ucRAND_getRolledMidSysSeed)
                  00028ad8    0000000a     misc.obj (.text:uiMISC_buildUintFromBytes)
                  00028ae2    0000000a     misc.obj (.text:ulMISC_buildUlongFromBytes)
                  00028aec    0000000a     SD_Card.obj (.text:ulSD_GetCapacity)
                  00028af6    0000000a     rand.obj (.text:uslRAND_getRolledFullSysSeed)
                  00028b00    0000000a     adf7020.obj (.text:vADF7020_SetPacketLength)
                  00028b0a    0000000a     fram.obj (.text:vFRAM_Security)
                  00028b14    0000000a     L2fram.obj (.text:vL2FRAM_LockAllMemory)
                  00028b1e    0000000a     L2fram.obj (.text:vL2FRAM_showSysID)
                  00028b28    0000000a     time.obj (.text:vTIME_setClk2FromLong)
                  00028b32    00000008     spi.obj (.text:ucSPI_bin)
                  00028b3a    00000008     SP_I2C.obj (.text:ucSP_FetchMsgVersion)
                  00028b42    00000008     SP_I2C.obj (.text:ucSP_FetchNumTransducers)
                  00028b4a    00000008     SP_I2C.obj (.text:ucSP_FetchSPState)
                  00028b52    00000008     usci_A0_uart.obj (.text:ucUSCI_A0_UART_ReadByte)
                  00028b5a    00000008     serial.obj (.text:vSERIAL_HBV16out)
                  00028b62    00000008     SP_I2C.obj (.text:vSP_SetSPState)
                  00028b6a    00000008     sys.obj (.text:vSYS_ReadRestartVector)
                  00028b72    00000006     gid.obj (.text:ucGID_getWholeSysGidHiByte)
                  00028b78    00000006     gid.obj (.text:ucGID_getWholeSysGidLoByte)
                  00028b7e    00000006     main.obj (.text:ucMAIN_GetVersion)
                  00028b84    00000006     rts.obj (.text:ucRTS_computeBCN_slot_0)
                  00028b8a    00000006     scc.obj (.text:ucSCC_FetchMsgVersion)
                  00028b90    00000006     serial.obj (.text:ucSERIAL_readColTab)
                  00028b96    00000006     usci_A0_uart.obj (.text:ucUSCI_A0_UART_GetIndex)
                  00028b9c    00000006     L2Sram.obj (.text:uiL2SRAM_getMsgCount)
                  00028ba2    00000006     report.obj (.text:uiReport_RAM_QueueCount)
                  00028ba8    00000006     time.obj (.text:uiTime_GetSlotCompareReg)
                  00028bae    00000006     adf7020.obj (.text:unADF7020_GetRadioState)
                  00028bb4    00000006     fulldiag.obj (.text:vFULLDIAG_test_buzzer)
                  00028bba    00000006     key.obj (.text:vKEY_EraseCrisis)
                  00028bc0    00000006     key.obj (.text:vKEY_ReadCrisis)
                  00028bc6    00000006     key.obj (.text:vKEY_diagnostics)
                  00028bcc    00000006     MODSTORE.obj (.text:vMODSTORE_showTables)
                  00028bd2    00000006     PMM.obj (.text:vPMM_Reset)
                  00028bd8    00000006     spi.obj (.text:vSPI_bout)
                  00028bde    00000006     time.obj (.text:vTime_SetSlotCompareReg)
                  00028be4    00000004     rts430xl.lib : pre_init.obj (.text:_system_pre_init)
                  00028be8    00000004                  : exit.obj (.text:abort)
                  00028bec    00000004     fulldiag.obj (.text:ucFULLDIAG_RADIO_0)
                  00028bf0    00000004     fulldiag.obj (.text:ucFULLDIAG_RADIO_2)
                  00028bf4    00000004     fulldiag.obj (.text:ucFULLDIAG_SDBOARD_0)
                  00028bf8    00000004     fulldiag.obj (.text:ucFULLDIAG_SDBOARD_1)
                  00028bfc    00000004     task_dispatch.obj (.text:vTask_RSSI)
                  00028c00    00000002     rts430xl.lib : _lock.obj (.text:_nop)
                  00028c02    00000002     time.obj (.text:lTIME_convertTimeToLinearSlotNum)
                  00028c04    00000002     diag.obj (.text:vDIAG_run_diagnostics)
                  00028c06    00000002     key.obj (.text:vKEY_exitFuncPlaceHolder)
                  00028c08    00000002     MODACT.obj (.text:vMODACT_deleteAction)
                  00028c0a    00000002     MODACT.obj (.text:vMODACT_modifySenseAct)
                  00028c0c    00000002     rts.obj (.text:vRTS_schedule_loadonly_slot)
                  00028c0e    00000002     rts.obj (.text:vRTS_schedule_no_slot)
                  00028c10    00000002     sensor.obj (.text:vSENSOR_showSensorName)
                  00028c12    00000002     task_manager.obj (.text:vTask_Dummy)


GLOBAL SYMBOLS: SORTED ALPHABETICALLY BY Name 

address   name                                         
-------   ----                                         
00001c00  .bss                                         
00001c00  .data                                        
ffffffff  .text                                        
00000700  ADC12CTL0                                    
00000701  ADC12CTL0_H                                  
00000700  ADC12CTL0_L                                  
00000702  ADC12CTL1                                    
00000703  ADC12CTL1_H                                  
00000702  ADC12CTL1_L                                  
00000704  ADC12CTL2                                    
00000705  ADC12CTL2_H                                  
00000704  ADC12CTL2_L                                  
0000070c  ADC12IE                                      
0000070d  ADC12IE_H                                    
0000070c  ADC12IE_L                                    
0000070a  ADC12IFG                                     
0000070b  ADC12IFG_H                                   
0000070a  ADC12IFG_L                                   
0000070e  ADC12IV                                      
0000070f  ADC12IV_H                                    
0000070e  ADC12IV_L                                    
00000710  ADC12MCTL0                                   
00000711  ADC12MCTL1                                   
0000071a  ADC12MCTL10                                  
0000071b  ADC12MCTL11                                  
0000071c  ADC12MCTL12                                  
0000071d  ADC12MCTL13                                  
0000071e  ADC12MCTL14                                  
0000071f  ADC12MCTL15                                  
00000712  ADC12MCTL2                                   
00000713  ADC12MCTL3                                   
00000714  ADC12MCTL4                                   
00000715  ADC12MCTL5                                   
00000716  ADC12MCTL6                                   
00000717  ADC12MCTL7                                   
00000718  ADC12MCTL8                                   
00000719  ADC12MCTL9                                   
00000720  ADC12MEM0                                    
00000721  ADC12MEM0_H                                  
00000720  ADC12MEM0_L                                  
00000722  ADC12MEM1                                    
00000734  ADC12MEM10                                   
00000735  ADC12MEM10_H                                 
00000734  ADC12MEM10_L                                 
00000736  ADC12MEM11                                   
00000737  ADC12MEM11_H                                 
00000736  ADC12MEM11_L                                 
[...]
00026746  vComm_DE_BuildReportHdr                      
00026784  vL2FRAM_ReadSDCardBuffer                     
000267c2  vSD_Card_GetR1b                              
00026800  vSP_DisplayName                              
0002683e  vTask_showBattReading                        
0002687c  ucLNKBLK_CheckLinkConflict                   
000268b8  ucLNKBLK_WriteRand                           
000268f4  ucLNKBLK_clrSingleLnkBlk                     
00026930  ucSerial_AsciiToByte                         
0002696c  ucTask_FetchTaskIndex                        
000269a8  ulL2SRAM_CheckForNode                        
000269e4  vMODOPT_showOptionColHeader                  
00026a20  vSERIAL_printDashIntro                       
00026a5c  ucL2SRAM_getCopyOfCurMsg                     
00026a96  ucRTS_isSlotEmpty                            
00026ad0  vCRC16_updateNibble                          
00026b0a  vDAYTIME_convertSysTimeToShowDateAndTime     
00026b44  vDAYTIME_convertTstructToShow                
00026b7e  vSERIAL_padded_sout                          
00026bb8  vSRAM_write_B8                               
00026bf2  ucLNKBLK_ReadFlags                           
00026c2a  ucLNKBLK_ReadMsdMsgCount                     
00026c62  ucLNKBLK_ReadPriority                        
00026c9a  ucRTS_CheckNSTSlotforEntry                   
00026cd2  ucTask_SearchforLink                         
00026d0a  vComm_showSNmismatch                         
00026d42  SD_Card_WaitBusy                             
00026d78  __TI_writemsg                                
00026daa  C$$IO$$                                      
00026dae  ucLNKBLK_ClearFlag                           
00026de4  ucLNKBLK_SetFlag                             
00026e1a  ucLNKBLK_WriteLnkReq                         
00026e50  ucLNKBLK_WriteMsdMsgCount                    
00026e86  ucLNKBLK_WritePriority                       
00026ebc  ucLNKBLK_WriteRSSI                           
00026ef2  ucSERIAL_confirm                             
00026f28  vMODOPT_writeSingleFramOptionBit             
00026f5e  vSP_Command_SensorTypes                      
00026f94  vSP_SendMessage                              
00026fca  ucUSCI_A0_UART_ReadBuffer                    
00026ffe  unADF7020_LoadTXBuffer                       
00027032  vFRAM_fillFramBlk                            
0002709a  vSERIAL_I16out                               
000270ce  __TI_readmsg                                 
00027100  ucL2FRAM_getTSBTblCount                      
00027196  vSERIAL_IV16out                              
000271c8  vTIME_setSysTimeFromLong                     
000271fa  vTime_SetLinkSlotAlarm                       
0002722c  vUSCI_A0_UART_init                           
0002725e  ucL2FRAM_GetOptionByte                       
0002728e  ucL2FRAM_SetOptionByte                       
000272be  ucSP_GetHID                                  
000272ee  ucSRAM_read_B8                               
0002731e  uiL2FRAM_getYtriggerVal                      
0002734e  vL2FRAM_incRebootCount                       
0002737e  ucSCC_GetHID                                 
000273ac  unADF7020_ClearTXBuffer                      
000273da  uslRAND_getRolledFullForeignSeed             
00027408  vAD_setup_analog_bits                        
00027436  vMISC_blinkLED                               
00027464  vMODOPT_cmdModifyOptionTbls                  
00027492  vSPI_RX_Bytes                                
000274c0  __divi                                       
000274c0  __remi                                       
000274ec  ucFRAM_read_B8                               
00027518  ucFRAM_write_B8                              
00027544  ucSP_GrabMessageFromBuffer                   
00027570  uiAD_CalibrateTemp                           
0002759c  ulL2FRAM_getSavedTime                        
000275c8  unADF7020_ClearRXBuffer                      
000275f4  vCommSetDiscMode                             
00027620  vKEY_restoreFRAM                             
0002764c  vL2FRAM_IncrementSDCardBlockNum              
00027678  vL2FRAM_putYtriggerVal                       
000276a4  vL2SRAM_FetchCommand                         
000276d0  vRouteClrAllUpdates                          
000276fc  vSERIAL_IV8out                               
00027728  vSERIAL_UI8out                               
00027754  iADF7020_RequestRSSI                         
0002777e  memcpy                                       
000277a8  ucL2FRAM_findTSB                             
000277d2  ucRoute_GetUpdateCountBytes                  
000277fc  ulL2FRAM_GetSDCardBlockNum                   
00027826  vKEY_showFlashMsgCounts                      
00027850  vMODACT_silentChangeYtrigger                 
0002787a  vMODOPT_writeSingleRamOptionBit              
000278a4  vMODSTORE_modifyStorageTbls                  
000278ce  vSERIAL_IV32out                              
000278f8  vSERIAL_UI16out                              
00027922  vSERIAL_UI32out                              
0002794c  vSERIAL_UIV8out                              
00027976  vSPI_TXBytes                                 
000279a0  ucL2FRAM_GetReportingPriority                
000279c8  uiTask_GetUniqueID                           
000279f0  vAD_clearout_analog_bits                     
00027a18  vAD_init                                     
00027a40  vFULLDIAG_test_radio_discovery               
00027a68  vFULLDIAG_test_radio_opmode                  
00027a90  vL2FRAM_stuffSavedTime                       
00027ab8  vSERIAL_UI8_2char_out                        
00027ae0  vSERIAL_UIV16out                             
00027b08  vSERIAL_UIV32out                             
00027b30  ucMODOPT_readSingleRamOptionBit              
00027b56  uiAD_full_init_setup_read_and_shutdown       
00027b7c  vADF7020_SendMsg                             
00027ba2  vComm_zroMissedMsgCnt                        
00027bc8  vFULLDIAG_test_LED                           
00027bee  vFlash_Erase_Segment                         
00027c3a  vL2FRAM_SetSDCardBlockNum                    
00027c60  vRTS_runScheduler                            
00027c86  vSD_Card_GetR1                               
00027cac  SD_Testing_FillInc                           
00027cd0  ucL2FRAM_GetStateOnShutdown                  
00027d18  uiL2FRAM_getSnumLo16AsUint                   
00027d3c  ulSERIAL_UI32in                              
00027d60  vDAYTIME_convertDstructAndTstructToSetSysTime
00027d84  vL2FRAM_SetReportingPriority                 
00027da8  vL2FRAM_SetStateOnShutdown                   
00027dcc  vL2FRAM_setSysID                             
00027e14  vLNKBLK_showLnkReq                           
00027e38  vSERIAL_colTab                               
00027e5c  __mpyl_f5hw                                  
00027e7e  ucMODACT_isChangeableAction                  
00027ea0  uiAD_read                                    
00027ec2  vBUTTON_init                                 
00027ee4  vComm_Msg_buildOperational                   
00027f06  vMODOPT_copyAllFramOptionsToRamOptions       
00027f28  vReport_RAM_QueueInit                        
00027f4a  vSERIAL_HB24out                              
00027f6c  vSP_ShutdownComm                             
00027f8e  memset                                       
00027fae  ucMODOPT_readFramOptionByte                  
00027fce  ucRoute_GetUpdateCount                       
00027fee  uiL2FRAM_get_version_num                     
0002800e  vADF7020_WakeUp                              
0002802e  vAD_select_chan                              
0002804e  vCommGetDiscMode                             
0002806e  vDAYTIME_convertSecToShow                    
0002808e  vL2SRAM_UpdateTotalCmds                      
000280ae  vMAIN_showVersionNum                         
000280ee  vSP_FetchSPName                              
0002810e  vTask_ShowAllTasks                           
0002812e  uiSRAM_read_B16                              
0002814c  vMODOPT_cmdSilentClrOption                   
0002816a  vMODOPT_cmdSilentSetOption                   
00028188  vSERIAL_ReadBuffer                           
000281a6  vSERIAL_quit                                 
000281c4  ucSCC_GrabMessageFromBuffer                  
000281e0  uslRAND_getFullSysSeed                       
000281fc  vBUTTON_ClrOnlyButtonCount                   
00028218  vL2FRAM_copySnumLo16ToBytes                  
00028234  vRTS_schedule_Scheduler_slot                 
00028250  vSERIAL_sout                                 
0002826c  vTIME_setSubSecFromUint                      
00028288  vTime_LatencyTimer                           
000282a4  vUSCI_A0_UART_CleanBuff                      
000282c0  __mpyul_f5hw                                 
000282da  ucSERIAL_kbhit                               
000282f4  ucTask_FetchAllSPTasks                       
0002830e  vADF7020_StartReceiver                       
00028328  vGID_init                                    
00028342  vL2SRAM_storeMsgToSramIfAllowed              
00028376  vSD_PowerOn                                  
00028390  vSERIAL_repeatChar                           
000283aa  vSPI_CleanBuff                               
000283c4  ucMODOPT_isRelay                             
000283dc  ucSP_IsAttached                              
000283f4  ulL2FRAM_GetLastSDCardBlockNum               
0002840c  vCRC16_updateByte                            
00028424  vReport_RemoveDEFromRAM                      
0002843c  vSERIAL_HB16out                              
00028454  vSERIAL_HB4out                               
0002846c  vSERIAL_HB8out                               
00028484  vSRAM_write_B16                              
0002849c  SD_Testing_Fill                              
000284b2  __divu                                       
000284b2  __remu                                       
000284c8  __mpyi_f5hw                                  
000284de  vADF7020_Quit                                
000284f4  vComm_NetPkg_buildHdr                        
0002850a  vFRAM_init                                   
0002854c  vMODOPT_cmdSilentSetRole                     
00028562  vMODOPT_writeBothFramAndRamBit               
00028578  vSERIAL_CleanBuffer                          
0002858e  vSPI_Quit                                    
000285a4  vTask_Reset                                  
000285ba  lTIME_getSlotNumFromTime                     
000285ce  ucL2FRAM_isHub                               
000285e2  ucSERIAL_isnum                               
000285f6  ucSP_FetchTransSmplDur                       
0002860a  ucSP_FetchTransType                          
0002861e  uiComm_incMsgSeqNum                          
00028632  uiROM_getRomConfigSnumAsUint                 
00028646  unADF7020_ForceRXPacket                      
0002865a  vKEY_showCrisisHelp                          
0002866e  vKEY_showIDHelp                              
000286aa  vRAND_stuffFullSysSeed                       
000286be  vSD_PowerOff                                 
000286d2  vSERIAL_HB32out                              
000286e6  vSERIAL_setBinaryMode                        
000286fa  vSP_TurnoffAll                               
0002870e  vUSCI_A0_UART_SendBytes                      
00028722  vUSCI_A0_UART_quit                           
00028736  strcpy                                       
00028748  strlen                                       
0002875a  ucL2SRAM_Del_current_CMD                     
0002876c  ucSCC_SetState                               
0002877e  ucSERIAL_toupper                             
00028790  uiTIME_getSubSecAsUint                       
000287a2  vAD_quit                                     
000287b4  vL2SRAM_delCurMsg                            
000287c6  vMODACT_showCurTasks                         
000287ea  vMODOPT_showCurIdentity                      
0002880e  vSERIAL_crlf                                 
00028820  vTask_Sleep                                  
00028832  vUSCI_A0_UART_SendByte                       
00028844  lTIME_getFrameNumFromTime                    
00028854  L_LSL                                        
00028864  L_LSR                                        
00028874  ucSCC_GetSampleDuration                      
00028884  vFRAM_quit                                   
000288a4  vMISC_copyUlongIntoBytes                     
000288c4  vTIME_setClk2FromBytes                       
000288d4  vBUZ_morrie                                  
000288e2  vBUZ_raspberry                               
000288f0  vBUZ_raygun_down                             
000288fe  vBUZ_raygun_up                               
0002890c  vDELAY_wait100us                             
0002891a  vDELAY_wait100usTic                          
00028928  vL2FRAM_force_fram_unformat                  
00028936  vLED_GrnBlink                                
00028944  vLED_RedBlink                                
00028960  vSERIAL_showXXXmsg                           
0002896e  vTIME_setSysTimeFromClk2                     
0002897c  ucBUTTON_isButtonFlgSet                      
00028994  ucL2SRAM_GetTotalCmds                        
000289a0  ucRTS_computeNSTfromFrameNum                 
000289ac  ucSCC_IsAttached                             
000289b8  ucSERIAL_bin                                 
000289c4  vBUZ_scale_down                              
000289d0  vBUZ_test_successful                         
000289dc  vBUZ_tune_Blip                               
000289e8  vBUZ_tune_TaDah_TaDah                        
000289f4  vBUZ_tune_bad_news_1                         
00028a00  vBUZ_tune_bad_news_2                         
00028a0c  vBUZ_tune_bad_news_3                         
00028a18  vBUZ_tune_imperial                           
00028a24  vGID_setWholeSysGidFromBytes                 
00028a30  vGS_Init                                     
00028a3c  vMODOPT_writeFramOptionByte                  
00028a48  vSERIAL_dash                                 
00028a54  vSERIAL_spaces                               
00028a60  lTIME_getAlarmAsLong                         
00028a6a  lTIME_getClk2AsLong                          
00028a74  lTIME_getSysTimeAsLong                       
00028a7e  __fs_neg                                     
00028a88  I_LSL                                        
00028a92  I_LSR                                        
00028a9c  ucComm_getOM2LinkByteVal                     
00028aa6  ucGID_getSysGrpSelectAsByte                  
00028ab0  ucL2FRAM_isReceiver                          
00028aba  ucL2FRAM_isSender                            
00028ac4  ucMODOPT_getCurRole                          
00028ace  ucRAND_getRolledMidSysSeed                   
00028ad8  uiMISC_buildUintFromBytes                    
00028ae2  ulMISC_buildUlongFromBytes                   
00028aec  ulSD_GetCapacity                             
00028af6  uslRAND_getRolledFullSysSeed                 
00028b00  vADF7020_SetPacketLength                     
00028b0a  vFRAM_Security                               
00028b14  vL2FRAM_LockAllMemory                        
00028b1e  vL2FRAM_showSysID                            
00028b28  vTIME_setClk2FromLong                        
00028b32  ucSPI_bin                                    
00028b3a  ucSP_FetchMsgVersion                         
00028b42  ucSP_FetchNumTransducers                     
00028b4a  ucSP_FetchSPState                            
00028b52  ucUSCI_A0_UART_ReadByte                      
00028b5a  vSERIAL_HBV16out                             
00028b62  vSP_SetSPState                               
00028b6a  vSYS_ReadRestartVector                       
00028b72  ucGID_getWholeSysGidHiByte                   
00028b78  ucGID_getWholeSysGidLoByte                   
00028b7e  ucMAIN_GetVersion                            
00028b8a  ucSCC_FetchMsgVersion                        
00028b90  ucSERIAL_readColTab                          
00028b96  ucUSCI_A0_UART_GetIndex                      
00028b9c  uiL2SRAM_getMsgCount                         
00028ba2  uiReport_RAM_QueueCount                      
00028ba8  uiTime_GetSlotCompareReg                     
00028bae  unADF7020_GetRadioState                      
00028bb4  vFULLDIAG_test_buzzer                        
00028bba  vKEY_EraseCrisis                             
00028bc0  vKEY_ReadCrisis                              
00028bd2  vPMM_Reset                                   
00028bd8  vSPI_bout                                    
00028bde  vTime_SetSlotCompareReg                      
00028be4  _system_pre_init                             
00028be8  C$$EXIT                                      
00028be8  abort                                        
00028bfc  vTask_RSSI                                   
00028c00  _nop                                         
00028c02  lTIME_convertTimeToLinearSlotNum             
00028c04  vDIAG_run_diagnostics                        
00028c06  vKEY_exitFuncPlaceHolder                     
00028c10  vSENSOR_showSensorName                       
00028c12  vTask_Dummy                                  
00029aac  g_ucaADF7020_ChannelFrequencyLUT             
0002b722  uiNote_freq_tbl                              
0002b76e  vCMD_func_ptrArray                           
0002b8d2  fpaSchedFuncArray                            
0002b8fa  ucaRoleOptionDefaults                        
0002b948  vMODACTfunctionTbl                           
0002b9bc  ucSENSOR_DIAG_PtrArray                       
0002b9d4  vMODOPTfunctionTbl                           
0002b9ec  vMODSTOREfunctionTbl                         
0002ba04  ucCRC16_lookupHI                             
0002ba14  ucCRC16_lookupLO                             
0002ba24  ucRADIO_DIAG_PtrArray                        
0002ba34  uslaSSP_BaseAddr                             
0002ba44  uslaSSP_MaxAddr                              
0002ba54  vKey_Crisis_func_ptrArray                    
0002ba64  vKey_SetID_func_ptrArray                     
0002ba90  ucaChangeableActions                         
0002bab6  ucaMonthDayCount                             
0002bac2  ucFRAM_DIAG_PtrArray                         
0002bace  uiaSENSOR_testRepeatCountArray               
0002bada  ulaDiscDuration                              
0002bb02  ucaBitMask                                   
0002bb0a  ucSDBOARD_DIAG_PtrArray                      
0002bb12  uiNote_duration_tbl                          
0002bb1a  uiaRADIO_testRepeatCountArray                
0002bb22  g_ucaADF7020_Preamble                        
0002bb36  uiaFRAM_testRepeatCountArray                 
0002bb58  ucaSPBit                                     
0002bb5c  ucaSSP_ByteWidth                             
0002bb60  ucBUZ_DIAG_PtrArray                          
0002bb64  ucFLASH_DIAG_PtrArray                        
0002bb68  uiaSDBOARD_testRepeatCountArray              
0002bb6e  uiaBUZ_testRepeatCountArray                  
0002bb70  uiaFLASH_testRepeatCountArray                
ffffffff  .text                                        
ffffffff  __binit__                                    
ffffffff  __c_args__                                   
ffffffff  __etext__                                    
ffffffff  __pinit__                                    
ffffffff  __text__                                     
ffffffff  binit                                        
ffffffff  etext                                        
ffffffff  pinit                                        

[1550 symbols]
